 spike_c

 Timestamp is 6ab3ece4 (Wed Sep 23 10:14:44 2026)

 Preferred load address is 00400000

 Start         Length     Name                   Class
 0001:00000000 00005845H .text                   CODE
 0001:00005850 0000005cH .text$di                CODE
 0001:000058b0 0002df6cH .text$mn                CODE
 0001:00033820 000007feH .text$x                 CODE
 0001:00034020 000000b3H .text$yd                CODE
 0002:00000000 0000c531H D3D                     CODE
 0002:0000c538 000013e8H D3D_RD                  CODE
 0002:0000d920 000038c8H D3D_URW                 CODE
 0003:00000000 00000164H .idata$5                DATA
 0003:00000164 00000004H .CRT$RIA                DATA
 0003:00000168 00000004H .CRT$RIZ                DATA
 0003:0000016c 00000004H .CRT$XCA                DATA
 0003:00000170 00000004H .CRT$XCAA               DATA
 0003:00000174 0000000cH .CRT$XCC                DATA
 0003:00000180 00000008H .CRT$XCL                DATA
 0003:00000188 00000004H .CRT$XCU                DATA
 0003:0000018c 00000004H .CRT$XCZ                DATA
 0003:00000190 00000004H .CRT$XIA                DATA
 0003:00000194 00000004H .CRT$XIAA               DATA
 0003:00000198 00000004H .CRT$XIAC               DATA
 0003:0000019c 0000001cH .CRT$XIC                DATA
 0003:000001b8 00000004H .CRT$XIZ                DATA
 0003:000001bc 00000004H .CRT$XLA                DATA
 0003:000001c0 00000004H .CRT$XLZ                DATA
 0003:000001c4 00000004H .CRT$XPA                DATA
 0003:000001c8 00000008H .CRT$XPX                DATA
 0003:000001d0 00000004H .CRT$XPXA               DATA
 0003:000001d4 00000004H .CRT$XPZ                DATA
 0003:000001d8 00000004H .CRT$XTA                DATA
 0003:000001dc 00000004H .CRT$XTZ                DATA
 0003:000001e0 0000add0H .rdata                  DATA
 0003:0000afb0 00000018H .rdata$T                DATA
 0003:0000afc8 00000c94H .rdata$r                DATA
 0003:0000bc5c 00000004H .rtc$IAA                DATA
 0003:0000bc60 00000004H .rtc$IZZ                DATA
 0003:0000bc64 00000004H .rtc$TAA                DATA
 0003:0000bc68 00000004H .rtc$TZZ                DATA
 0003:0000bc70 0000180cH .xdata$x                DATA
 0003:0000d47c 00000014H .idata$2                DATA
 0003:0000d490 00000014H .idata$3                DATA
 0003:0000d4a4 00000164H .idata$4                DATA
 0003:0000d608 0000000eH .idata$6                DATA
 0003:0000d616 00000000H .edata                  DATA
 0004:00000000 00000004H .XAPI$LNA               DATA
 0004:00000004 00000004H .XAPI$LNZ               DATA
 0004:00000040 00001340H .data                   DATA
 0004:00001380 00000264H .data$r                 DATA
 0004:000015e8 000004c9H .data$rs                DATA
 0004:00001ac0 00000f08H .bss                    DATA
 0005:00000000 00000001H .tls                    DATA
 0005:00000008 0000008cH .tls$                   DATA
 0005:00000094 00000001H .tls$ZZZ                DATA
 0006:00000000 00000234H .gfids$y                DATA
 0007:00000000 00000080H .fptable                DATA
 0008:00000000 00000010H .XBLD$A                 DATA
 0008:00000010 00000020H .XBLD$V                 DATA

  Address         Publics by Value              Rva+Base     Lib:Object

 0000:00000000       ___safe_se_handler_table   00000000     <absolute>
 0000:00000000       ___safe_se_handler_count   00000000     <absolute>
 0000:00000000       __except_list              00000000     <absolute>
 0000:0000002c       __tls_array                0000002c     <absolute>
 0000:00000000       ___ImageBase               00400000     <linker-defined>
 0001:00000000       _ProbeSeh71                00401000 f   seh_probe71.obj
 0001:00000093       _XapiRestrictCodeSelectorLimit@0 00401093 f   xapilib:krnlptch.obj
 0001:000000f7       _XapiApplyKernelPatches@0  004010f7 f   xapilib:krnlptch.obj
 0001:000001bc       _XapiValidateDiskPartitionEx@8 004011bc f   xapilib:xapiinit.obj
 0001:00000234       _XapiCopySectionToFile@16  00401234 f   xapilib:xapiinit.obj
 0001:0000031b       _XapiMapLetterToDirectory@24 0040131b f   xapilib:xapiinit.obj
 0001:0000064f       _XapiSetupPerTitleDriveLetters@8 0040164f f   xapilib:xapiinit.obj
 0001:000006a4       _XapiBootToDash@12         004016a4 f   xapilib:xapiinit.obj
 0001:00000709       _XapiValidateDiskPartition@4 00401709 f   xapilib:xapiinit.obj
 0001:0000071a       _XapiInitProcess@0         0040171a f   xapilib:xapiinit.obj
 0001:00000889       _XapiCallThreadNotifyRoutines@4 00401889 f   xapilib:thread.obj
 0001:000008c1       _ResumeThread@4            004018c1 f   xapilib:thread.obj
 0001:000008e7       _RaiseException@16         004018e7 f   xapilib:thread.obj
 0001:0000093d       _SwitchToThread@0          0040193d f   xapilib:thread.obj
 0001:00000950       _ExitThread@4              00401950 f   xapilib:thread.obj
 0001:00000962       _GetExitCodeThread@8       00401962 f   xapilib:thread.obj
 0001:000009ae       _SetUnhandledExceptionFilter@4 004019ae f   xapilib:thread.obj
 0001:000009c0       _UnhandledExceptionFilter@4 004019c0 f   xapilib:thread.obj
 0001:000009fc       _XapiThreadStartup@8       004019fc f   xapilib:thread.obj
 0001:00000a94       _CreateThread@24           00401a94 f   xapilib:thread.obj
 0001:00000b02       _GetCurrentThreadId@0      00401b02 f   xapilib:thread.obj
 0001:00000b0f       _CloseHandle@4             00401b0f f   xapilib:handle.obj
 0001:00000b2d       _RtlpCreateUnCommittedRange@4 00401b2d f   xapilib:heap.obj
 0001:00000c4d       _RtlpDestroyUnCommittedRange@8 00401c4d f   xapilib:heap.obj
 0001:00000c6e       _RtlpInsertUnCommittedPages@12 00401c6e f   xapilib:heap.obj
 0001:00000d01       _RtlpFindAndCommitPages@16 00401d01 f   xapilib:heap.obj
 0001:00000e8c       _RtlpCoalesceFreeBlocks@16 00401e8c f   xapilib:heap.obj
 0001:00001131       _RtlpInsertFreeBlock@12    00402131 f   xapilib:heap.obj
 0001:0000122b       _RtlpGetExtraStuffPointer@4 0040222b f   xapilib:heap.obj
 0001:00001247       _RtlpGrowBlockInPlace@20   00402247 f   xapilib:heap.obj
 0001:00001645       _RtlSizeHeap@12            00402645 f   xapilib:heap.obj
 0001:00001674       _RtlpInitializeHeapSegment@28 00402674 f   xapilib:heap.obj
 0001:00001792       _RtlpExtendHeap@8          00402792 f   xapilib:heap.obj
 0001:00001919       _RtlpDeCommitFreeBlock@12  00402919 f   xapilib:heap.obj
 0001:00001bc3       _RtlCreateHeap@24          00402bc3 f   xapilib:heap.obj
 0001:00001fe7       _RtlAllocateHeap@12        00402fe7 f   xapilib:heap.obj
 0001:00002762       _RtlFreeHeap@12            00403762 f   xapilib:heap.obj
 0001:00002956       _RtlReAllocateHeap@16      00403956 f   xapilib:heap.obj
 0001:00003084       _XboxTimeZoneNameToWstr@8  00404084 f i xapilib:datetime.obj
 0001:000030a5       _XboxTimeZoneDateToSystemTime@8 004040a5 f i xapilib:datetime.obj
 0001:000030dd       _XapipQueryTimeZoneInformation@8 004040dd f   xapilib:datetime.obj
 0001:00003187       _GetTickCount@0            00404187 f   xapilib:datetime.obj
 0001:0000318f       _FileTimeToSystemTime@8    0040418f f   xapilib:datetime.obj
 0001:000031fa       _SystemTimeToFileTime@8    004041fa f   xapilib:datetime.obj
 0001:0000326f       _RtlpCutoverTimeToSystemTime@16 0040426f f   xapilib:datetime.obj
 0001:00003479       _GetTimeZoneInformation@4  00404479 f   xapilib:datetime.obj
 0001:000035d5       _TlsAlloc@0                004045d5 f   xapilib:tls.obj
 0001:00003629       _TlsGetValue@4             00404629 f   xapilib:tls.obj
 0001:00003646       _TlsSetValue@8             00404646 f   xapilib:tls.obj
 0001:0000366a       _TlsFree@4                 0040466a f   xapilib:tls.obj
 0001:000036f9       _GetLastError@0            004046f9 f   xapilib:error.obj
 0001:00003721       _SetLastError@4            00404721 f   xapilib:error.obj
 0001:0000374f       _XapiSetLastNTError@4      0040474f f   xapilib:error.obj
 0001:00003766       _OutputDebugStringA@4      00404766 f   xapilib:outputdebugstringa.obj
 0001:00003798       _CreateFileA@28            00404798 f   xapilib:fileopcr.obj
 0001:00003923       _CreateEventA@16           00404923 f   xapilib:synch.obj
 0001:00003984       _CreateSemaphoreA@16       00404984 f   xapilib:synch.obj
 0001:000039df       _WaitForSingleObjectEx@12  004049df f   xapilib:synch.obj
 0001:00003a23       _SleepEx@8                 00404a23 f   xapilib:synch.obj
 0001:00003a75       _WaitForSingleObject@8     00404a75 f   xapilib:synch.obj
 0001:00003a87       _Sleep@4                   00404a87 f   xapilib:synch.obj
 0001:00003a95       _HeapFree@12               00404a95 f   xapilib:xapiheap.obj
 0001:00003aac       _GetProcessHeap@0          00404aac f   xapilib:xapiheap.obj
 0001:00003ab2       _LocalAlloc@8              00404ab2 f   xapilib:xapiheap.obj
 0001:00003acf       _LocalFree@4               00404acf f   xapilib:xapiheap.obj
 0001:00003aed       _XapiDirectoryInformationToFindData@8 00404aed f   xapilib:filefind.obj
 0001:00003b59       _FindFirstFileA@8          00404b59 f   xapilib:filefind.obj
 0001:00003c66       _FindNextFileA@8           00404c66 f   xapilib:filefind.obj
 0001:00003cb8       _XapiChangeCodeSelectorLimit@8 00404cb8 f   xapilib:xapidlla.obj
 0001:00003cdd       _XGetSectionHandleA@4      00404cdd f   xapilib:xemodule.obj
 0001:00003d44       _XLoadSectionByHandle@4    00404d44 f   xapilib:xemodule.obj
 0001:00003d65       _XFreeSectionByHandle@4    00404d65 f   xapilib:xemodule.obj
 0001:00003d83       _XGetSectionSize@4         00404d83 f   xapilib:xemodule.obj
 0001:00003d8d       _lstrcpynA@12              00404d8d f   xapilib:lcompata.obj
 0001:00003df2       _XLaunchNewImageA@8        00404df2 f   xapilib:launch.obj
 0001:00003e34       _XWriteTitleInfoNoReboot@24 00404e34 f   xapilib:launch.obj
 0001:00003f15       _XWriteTitleInfoAndRebootA@20 00404f15 f   xapilib:launch.obj
 0001:00003f5c       _BuildUpdateFilePath@12    00404f5c f   xapilib:bootutil.obj
 0001:00003fa6       _XoUpdateLoadXBEInfo@8     00404fa6 f   xapilib:bootutil.obj
 0001:00004072       _XoUpdateGetSavedDataFromLaunchPage@12 00405072 f   xapilib:bootutil.obj
 0001:000040d6       _XapipUpdateGetCurrentDDriveMapping@8 004050d6 f   xapilib:bootutil.obj
 0001:00004168       _XapipUpdateSaveDDriveMappingToLaunchPage@8 00405168 f   xapilib:bootutil.obj
 0001:000041e9       _XapipUpdateDetectAndVerify@16 004051e9 f   xapilib:bootutil.obj
 0001:0000436b       _XapipLaunchNewImageInternal@16 0040536b f   xapilib:bootutil.obj
 0001:000044ec       _XapipUpdateRebootIfNecessary@0 004054ec f   xapilib:bootutil.obj
 0001:00004651       _XGetParentalControlSetting@0 00405651 f   xapilib:xgetparentalcontrolsetting.obj
 0001:00004676       _GetDiskFreeSpaceExA@16    00405676 f   xapilib:pathmisc.obj
 0001:0000476a       _XapiSelectCachePartition@12 0040576a f   xapilib:pathmisc.obj
 0001:000049b5       _XMountUtilityDrive@4      004059b5 f   xapilib:pathmisc.obj
 0001:00004aba       _XAutoPowerDownResetTimer@0 00405aba f   xapilib:powerdwn.obj
 0001:00004ad5       _XapiAutoPowerDownTimeout@16 00405ad5 f   xapilib:powerdwn.obj
 0001:00004ae7       _XapiInitAutoPowerDown@0   00405ae7 f   xapilib:powerdwn.obj
 0001:00004b5b       _XapiShutdownChannelStartNextPacket@0 00405b5b f   xapilib:xapiterm.obj
 0001:00004b74       _XapiShutdownChannelStartPacket@8 00405b74 f   xapilib:xapiterm.obj
 0001:00004b77       _XapiShutdownNotification@4 00405b77 f   xapilib:xapiterm.obj
 0001:00004bd0       @RtlFindFirstSetRightMember@4 00405bd0 f   xapilib:bitmapa.obj
 0001:00004bd4       _XQueryValue@20            00405bd4 f   xapilib:xqueryvalue.obj
 0001:00004bf6       _XapiFormatObjectAttributes@12 00405bf6 f   xapilib:support.obj
 0001:00004c1e       _XapiFormatTimeOut@8       00405c1e f   xapilib:support.obj
 0001:00004c4c       _ReadFile@20               00405c4c f   xapilib:filehops.obj
 0001:00004d39       _WriteFile@20              00405d39 f   xapilib:filehops.obj
 0001:00004e0f       _SetEndOfFile@4            00405e0f f   xapilib:filehops.obj
 0001:00004e93       _SetFilePointer@16         00405e93 f   xapilib:filehops.obj
 0001:00004f8d       _SetFilePointerEx@20       00405f8d f   xapilib:filehops.obj
 0001:00005055       _FlushFileBuffers@4        00406055 f   xapilib:filehops.obj
 0001:0000507c       _GetFileSizeEx@8           0040607c f   xapilib:filehops.obj
 0001:000050ba       _XComputeContentSignatureKey@8 004060ba f   xapilib:contsig.obj
 0001:000050d9       _XapiComputeContentHeaderSignature@16 004060d9 f   xapilib:contsig.obj
 0001:000051be       _XapiLoadContentMetadataHeader@16 004061be f   xapilib:contsig.obj
 0001:0000529f       _XMemAlloc@8               0040629f f   xapilib:xmem.obj
 0001:0000533f       _XMemFree@8                0040633f f   xapilib:xmem.obj
 0001:00005359       _XapiFormatFATVolumeEx@8   00406359 f   xapilib:format.obj
 0001:0000567d       _XShaHmacInitialize@12     0040667d f   xapilib:xcalcsig.obj
 0001:000056df       _XShaHmacUpdate@12         004066df f   xapilib:xcalcsig.obj
 0001:000056e4       _XShaHmacComputeFinal@16   004066e4 f   xapilib:xcalcsig.obj
 0001:00005756       _XPhysicalAlloc@16         00406756 f   xapilib:physical.obj
 0001:00005799       _XPhysicalAllocEx@20       00406799 f   xapilib:physical.obj
 0001:000057c6       _XPhysicalFree@4           004067c6 f   xapilib:physical.obj
 0001:000057cc       _RtlInitializeCriticalSection@4 004067cc f   xboxkrnl:xboxkrnl.exe
 0001:000057d2       _RtlEnterCriticalSection@4 004067d2 f   xboxkrnl:xboxkrnl.exe
 0001:000057d8       _RtlLeaveCriticalSection@4 004067d8 f   xboxkrnl:xboxkrnl.exe
 0001:000057de       _KeQuerySystemTime@4       004067de f   xboxkrnl:xboxkrnl.exe
 0001:000057e4       _NtYieldExecution@0        004067e4 f   xboxkrnl:xboxkrnl.exe
 0001:000057ea       _NtQueryVirtualMemory@8    004067ea f   xboxkrnl:xboxkrnl.exe
 0001:000057f0       _NtProtectVirtualMemory@16 004067f0 f   xboxkrnl:xboxkrnl.exe
 0001:000057f6       _HalReturnToFirmware@4     004067f6 f   xboxkrnl:xboxkrnl.exe
 0001:000057fc       _XcSHAFinal@8              004067fc f   xboxkrnl:xboxkrnl.exe
 0001:00005802       _XcSHAUpdate@12            00406802 f   xboxkrnl:xboxkrnl.exe
 0001:00005808       _XcSHAInit@4               00406808 f   xboxkrnl:xboxkrnl.exe
 0001:0000580e       _ExQueryNonVolatileSetting@20 0040680e f   xboxkrnl:xboxkrnl.exe
 0001:00005814       _XcHMAC@28                 00406814 f   xboxkrnl:xboxkrnl.exe
 0001:0000581a       _DbgPrint                  0040681a f   xboxkrnl:xboxkrnl.exe
 0001:00005820       _QueryPerformanceCounter@4 00406820 f   xapilib:perfctr.obj
 0001:00005831       _QueryPerformanceFrequency@4 00406831 f   xapilib:perfctr.obj
 0001:000058b0       _XboxEntry                 004068b0 f   xbox_entry.obj
 0001:00005970       ?_Unlock@?$basic_streambuf@DU?$char_traits@D@std@@@std@@UAEXXZ 00406970 f   game2.obj
 0001:00005970       ___except_validate_context_record 00406970 f   xbox_crt_shim.obj
 0001:00005970       ?_Lock@?$basic_streambuf@DU?$char_traits@D@std@@@std@@UAEXXZ 00406970 f   game2.obj
 0001:00005a40       _AcquireSRWLockExclusive@4 00406a40 f   xbox_crt_shim.obj
 0001:00005a70       _CompareStringEx@36        00406a70 f   xbox_crt_shim.obj
 0001:00005b40       _CompareStringW@24         00406b40 f   xbox_crt_shim.obj
 0001:00005c10       _CreateEventExW@16         00406c10 f   xbox_crt_shim.obj
 0001:00005c40       _CreateFileW@28            00406c40 f   xbox_crt_shim.obj
 0001:00005cc0       _CreateSemaphoreExW@24     00406cc0 f   xbox_crt_shim.obj
 0001:00005ce0       _LoadLibraryExW@12         00406ce0 f   xbox_crt_shim.obj
 0001:00005ce0       _CreateThreadpoolWait@12   00406ce0 f   xbox_crt_shim.obj
 0001:00005ce0       _CreateSymbolicLinkW@12    00406ce0 f   xbox_crt_shim.obj
 0001:00005ce0       _CreateThreadpoolTimer@12  00406ce0 f   xbox_crt_shim.obj
 0001:00005cf0       _EncodePointer@4           00406cf0 f   xbox_crt_shim.obj
 0001:00005cf0       _DecodePointer@4           00406cf0 f   xbox_crt_shim.obj
 0001:00005d00       _DeleteCriticalSection@4   00406d00 f   xbox_crt_shim.obj
 0001:00005d30       _EnterCriticalSection@4    00406d30 f   xbox_crt_shim.obj
 0001:00005d40       _GetProcAddress@8          00406d40 f   xbox_crt_shim.obj
 0001:00005d40       _SetEnvironmentVariableW@8 00406d40 f   xbox_crt_shim.obj
 0001:00005d40       _EnumSystemLocalesW@8      00406d40 f   xbox_crt_shim.obj
 0001:00005d50       _ExitProcess@4             00406d50 f   xbox_crt_shim.obj
 0001:00005db0       _FindClose@4               00406db0 f   xbox_crt_shim.obj
 0001:00005dc0       _FindFirstFileExW@24       00406dc0 f   xbox_crt_shim.obj
 0001:00005e40       _FindNextFileW@8           00406e40 f   xbox_crt_shim.obj
 0001:00005e90       _FlsAlloc@4                00406e90 f   xbox_crt_shim.obj
 0001:00005ea0       _FlsFree@4                 00406ea0 f   xbox_crt_shim.obj
 0001:00005eb0       _FlsGetValue@4             00406eb0 f   xbox_crt_shim.obj
 0001:00005ec0       _FlsSetValue@8             00406ec0 f   xbox_crt_shim.obj
 0001:00005ed0       _FlushProcessWriteBuffers@0 00406ed0 f   xbox_crt_shim.obj
 0001:00005ef0       _FormatMessageA@28         00406ef0 f   xbox_crt_shim.obj
 0001:00005f10       _FreeEnvironmentStringsW@4 00406f10 f   xbox_crt_shim.obj
 0001:00005f10       _FreeLibrary@4             00406f10 f   xbox_crt_shim.obj
 0001:00005f20       _FreeLibraryAndExitThread@8 00406f20 f   xbox_crt_shim.obj
 0001:00005f30       _FreeLibraryWhenCallbackReturns@8 00406f30 f   xbox_crt_shim.obj
 0001:00005f30       _WaitForThreadpoolTimerCallbacks@8 00406f30 f   xbox_crt_shim.obj
 0001:00005f40       _GetACP@0                  00406f40 f   xbox_crt_shim.obj
 0001:00005f50       _GetCPInfo@8               00406f50 f   xbox_crt_shim.obj
 0001:00005f90       _GetCommandLineA@0         00406f90 f   xbox_crt_shim.obj
 0001:00005fa0       _GetCommandLineW@0         00406fa0 f   xbox_crt_shim.obj
 0001:00005fb0       _GetConsoleMode@8          00406fb0 f   xbox_crt_shim.obj
 0001:00005fc0       __ValidateEH3RN            00406fc0 f   xbox_crt_shim.obj
 0001:00005fc0       _GetCurrentProcessId@0     00406fc0 f   xbox_crt_shim.obj
 0001:00005fd0       _GetCurrentThread@0        00406fd0 f   xbox_crt_shim.obj
 0001:00005fe0       _GetEnvironmentStringsW@0  00406fe0 f   xbox_crt_shim.obj
 0001:00005ff0       _GetFileType@4             00406ff0 f   xbox_crt_shim.obj
 0001:00006010       _GetLocaleInfoW@16         00407010 f   xbox_crt_shim.obj
 0001:00006010       _GetLocaleInfoEx@16        00407010 f   xbox_crt_shim.obj
 0001:00006030       _GetModuleFileNameW@12     00407030 f   xbox_crt_shim.obj
 0001:00006090       _GetModuleHandleExW@12     00407090 f   xbox_crt_shim.obj
 0001:000060b0       _GetModuleHandleW@4        004070b0 f   xbox_crt_shim.obj
 0001:000060c0       _GetNativeSystemInfo@4     004070c0 f   xbox_crt_shim.obj
 0001:00006110       _GetOEMCP@0                00407110 f   xbox_crt_shim.obj
 0001:00006120       _GetStartupInfoW@4         00407120 f   xbox_crt_shim.obj
 0001:000061a0       _GetStdHandle@4            004071a0 f   xbox_crt_shim.obj
 0001:000061a0       ?pbackfail@?$basic_streambuf@DU?$char_traits@D@std@@@std@@MAEHH@Z 004071a0 f   game2.obj
 0001:000061a0       ?overflow@?$basic_streambuf@DU?$char_traits@D@std@@@std@@MAEHH@Z 004071a0 f   game2.obj
 0001:000061b0       _GetStringTypeW@16         004071b0 f   xbox_crt_shim.obj
 0001:000062e0       _GetSystemTimeAsFileTime@4 004072e0 f   xbox_crt_shim.obj
 0001:000062f0       _GetTempPathW@8            004072f0 f   xbox_crt_shim.obj
 0001:00006340       _GetTickCount64@0          00407340 f   xbox_crt_shim.obj
 0001:00006350       _GetDateFormatW@24         00407350 f   xbox_crt_shim.obj
 0001:00006350       _GetTimeFormatW@24         00407350 f   xbox_crt_shim.obj
 0001:00006360       _GetUserDefaultLCID@0      00407360 f   xbox_crt_shim.obj
 0001:00006370       _HeapAlloc@12              00407370 f   xbox_crt_shim.obj
 0001:00006380       _HeapReAlloc@16            00407380 f   xbox_crt_shim.obj
 0001:00006390       _HeapSize@12               00407390 f   xbox_crt_shim.obj
 0001:000063a0       _InitOnceExecuteOnce@16    004073a0 f   xbox_crt_shim.obj
 0001:00006400       _InitializeCriticalSectionAndSpinCount@8 00407400 f   xbox_crt_shim.obj
 0001:00006430       _InitializeCriticalSectionEx@12 00407430 f   xbox_crt_shim.obj
 0001:00006460       _InitializeSListHead@4     00407460 f   xbox_crt_shim.obj
 0001:00006480       _InterlockedFlushSList@4   00407480 f   xbox_crt_shim.obj
 0001:000064c0       _InterlockedPushEntrySList@8 004074c0 f   xbox_crt_shim.obj
 0001:00006500       _IsProcessorFeaturePresent@4 00407500 f   xbox_crt_shim.obj
 0001:00006520       _IsValidCodePage@4         00407520 f   xbox_crt_shim.obj
 0001:00006550       _LCMapStringEx@36          00407550 f   xbox_crt_shim.obj
 0001:00006600       _LCMapStringW@24           00407600 f   xbox_crt_shim.obj
 0001:000066b0       _LeaveCriticalSection@4    004076b0 f   xbox_crt_shim.obj
 0001:000066c0       _MultiByteToWideChar@24    004076c0 f   xbox_crt_shim.obj
 0001:000067e0       _OutputDebugStringW@4      004077e0 f   xbox_crt_shim.obj
 0001:00006810       _WriteConsoleW@20          00407810 f   xbox_crt_shim.obj
 0001:00006810       _ReadConsoleW@20           00407810 f   xbox_crt_shim.obj
 0001:00006830       _ReleaseSRWLockExclusive@4 00407830 f   xbox_crt_shim.obj
 0001:00006840       _GetFileInformationByHandleEx@16 00407840 f   xbox_crt_shim.obj
 0001:00006840       _SetFileInformationByHandle@16 00407840 f   xbox_crt_shim.obj
 0001:00006850       _SetConsoleCtrlHandler@8   00407850 f   xbox_crt_shim.obj
 0001:00006850       _IsValidLocale@8           00407850 f   xbox_crt_shim.obj
 0001:00006850       _SetStdHandle@8            00407850 f   xbox_crt_shim.obj
 0001:00006860       _SetThreadpoolTimer@16     00407860 f   xbox_crt_shim.obj
 0001:00006870       _SetThreadpoolWait@12      00407870 f   xbox_crt_shim.obj
 0001:00006880       _SleepConditionVariableSRW@16 00407880 f   xbox_crt_shim.obj
 0001:00006920       _TerminateProcess@8        00407920 f   xbox_crt_shim.obj
 0001:00006930       _TryAcquireSRWLockExclusive@4 00407930 f   xbox_crt_shim.obj
 0001:00006950       _VirtualProtect@16         00407950 f   xbox_crt_shim.obj
 0001:00006990       _VirtualQuery@12           00407990 f   xbox_crt_shim.obj
 0001:000069c0       _WakeConditionVariable@4   004079c0 f   xbox_crt_shim.obj
 0001:000069c0       _WakeAllConditionVariable@4 004079c0 f   xbox_crt_shim.obj
 0001:000069d0       _WideCharToMultiByte@32    004079d0 f   xbox_crt_shim.obj
 0001:00006b00       ___acrt_is_secure_process  00407b00 f   xbox_crt_shim.obj
 0001:00006b00       ___acrt_app_verifier_enabled 00407b00 f   xbox_crt_shim.obj
 0001:00006b90       _main                      00407b90 f   xbox_main17.obj
 0001:00006e80       ??$_Allocate_at_least_helper@V?$allocator@D@std@@@std@@YAPADAAV?$allocator@D@0@AAI@Z 00407e80 f i game.obj
 0001:00006ed0       ??$_Allocate_for_capacity@$0A@@?$basic_string@DU?$char_traits@D@std@@V?$allocator@D@2@@std@@CAPADAAV?$allocator@D@1@AAI@Z 00407ed0 f i game.obj
 0001:00006f30       ??$_Construct@$00PBD@?$basic_string@DU?$char_traits@D@std@@V?$allocator@D@2@@std@@AAEXQBDI@Z 00407f30 f i game.obj
 0001:00007000       ??$_Emplace_reallocate@ABH@?$vector@HV?$allocator@H@std@@@std@@AAEPAHQAHABH@Z 00408000 f i game.obj
 0001:00007310       ??$_Find_last@V?$basic_string@DU?$char_traits@D@std@@V?$allocator@D@2@@std@@@?$_Hash@V?$_Umap_traits@V?$basic_string@DU?$char_traits@D@std@@V?$allocator@D@2@@std@@HV?$_Uhash_compare@V?$basic_string@DU?$char_traits@D@std@@V?$allocator@D@2@@std@@U?$hash@V?$basic_string@DU?$char_traits@D@std@@V?$allocator@D@2@@std@@@2@U?$equal_to@V?$basic_string@DU?$char_traits@D@std@@V?$allocator@D@2@@std@@@2@@2@V?$allocator@U?$pair@$$CBV?$basic_string@DU?$char_traits@D@std@@V?$allocator@D@2@@std@@H@std@@@2@$0A@@std@@@std@@IBE?AU?$_Hash_find_last_result@PAU?$_List_node@U?$pair@$$CBV?$basic_string@DU?$char_traits@D@std@@V?$allocator@D@2@@std@@H@std@@PAX@std@@@1@ABV?$basic_string@DU?$char_traits@D@std@@V?$allocator@D@2@@1@I@Z 00408310 f i game.obj
 0001:000073a0       ??$_Guess_median_unchecked@PAHU?$greater@H@std@@@std@@YAXPAH00U?$greater@H@0@@Z 004083a0 f i game.obj
 0001:000074a0       ??$_Pop_heap_hole_by_index@PAHHU?$greater@H@std@@@std@@YAXPAHHH$$QAHU?$greater@H@0@@Z 004084a0 f i game.obj
 0001:00007530       ??$_Sort_unchecked@PAHU?$greater@H@std@@@std@@YAXPAH0HU?$greater@H@0@@Z 00408530 f i game.obj
 0001:00007870       ??$_Traits_equal@U?$char_traits@D@std@@@std@@YA_NQBDI0I@Z 00408870 f i game.obj
 0001:000078f0       ??$_Try_emplace@ABV?$basic_string@DU?$char_traits@D@std@@V?$allocator@D@2@@std@@$$V@?$_Hash@V?$_Umap_traits@V?$basic_string@DU?$char_traits@D@std@@V?$allocator@D@2@@std@@HV?$_Uhash_compare@V?$basic_string@DU?$char_traits@D@std@@V?$allocator@D@2@@std@@U?$hash@V?$basic_string@DU?$char_traits@D@std@@V?$allocator@D@2@@std@@@2@U?$equal_to@V?$basic_string@DU?$char_traits@D@std@@V?$allocator@D@2@@std@@@2@@2@V?$allocator@U?$pair@$$CBV?$basic_string@DU?$char_traits@D@std@@V?$allocator@D@2@@std@@H@std@@@2@$0A@@std@@@std@@IAE?AU?$pair@PAU?$_List_node@U?$pair@$$CBV?$basic_string@DU?$char_traits@D@std@@V?$allocator@D@2@@std@@H@std@@PAX@std@@_N@1@ABV?$basic_string@DU?$char_traits@D@std@@V?$allocator@D@2@@1@@Z 004088f0 f i game.obj
 0001:00007ad0       ??0?$basic_string@DU?$char_traits@D@std@@V?$allocator@D@2@@std@@QAE@ABV01@@Z 00408ad0 f i game.obj
 0001:00007b80       ??0?$basic_string@DU?$char_traits@D@std@@V?$allocator@D@2@@std@@QAE@QBD@Z 00408b80 f i game.obj
 0001:00007bc0       ??0bad_alloc@std@@QAE@ABV01@@Z 00408bc0 f i game.obj
 0001:00007bf0       ??0bad_array_new_length@std@@QAE@ABV01@@Z 00408bf0 f i game.obj
 0001:00007c20       ??0bad_array_new_length@std@@QAE@XZ 00408c20 f i game.obj
 0001:00007c40       ??0exception@std@@QAE@ABV01@@Z 00408c40 f i game.obj
 0001:00007c70       ??1?$_Alloc_construct_ptr@V?$allocator@U?$_List_node@U?$pair@$$CBV?$basic_string@DU?$char_traits@D@std@@V?$allocator@D@2@@std@@H@std@@PAX@std@@@std@@@std@@QAE@XZ 00408c70 f i game.obj
 0001:00007c90       ??1?$_Hash_vec@V?$allocator@V?$_List_unchecked_iterator@V?$_List_val@U?$_List_simple_types@U?$pair@$$CBV?$basic_string@DU?$char_traits@D@std@@V?$allocator@D@2@@std@@H@std@@@std@@@std@@@std@@@std@@@std@@QAE@XZ 00408c90 f i game.obj
 0001:00007cf0       ??1?$_List_node_emplace_op2@V?$allocator@U?$_List_node@U?$pair@$$CBV?$basic_string@DU?$char_traits@D@std@@V?$allocator@D@2@@std@@H@std@@PAX@std@@@std@@@std@@QAE@XZ 00408cf0 f i game.obj
 0001:00007d20       ??1?$list@U?$pair@$$CBV?$basic_string@DU?$char_traits@D@std@@V?$allocator@D@2@@std@@H@std@@V?$allocator@U?$pair@$$CBV?$basic_string@DU?$char_traits@D@std@@V?$allocator@D@2@@std@@H@std@@@2@@std@@QAE@XZ 00408d20 f i game.obj
 0001:00007d70       ??1bad_array_new_length@std@@UAE@XZ 00408d70 f i game.obj
 0001:00007d70       ??1runtime_error@std@@UAE@XZ 00408d70 f i game2.obj
 0001:00007d70       ??1bad_cast@std@@UAE@XZ    00408d70 f i game2.obj
 0001:00007d70       ??1failure@ios_base@std@@UAE@XZ 00408d70 f i game2.obj
 0001:00007d70       ??1system_error@std@@UAE@XZ 00408d70 f i game2.obj
 0001:00007d70       ??1bad_alloc@std@@UAE@XZ   00408d70 f i game.obj
 0001:00007d90       ?_Assign_grow@?$_Hash_vec@V?$allocator@V?$_List_unchecked_iterator@V?$_List_val@U?$_List_simple_types@U?$pair@$$CBV?$basic_string@DU?$char_traits@D@std@@V?$allocator@D@2@@std@@H@std@@@std@@@std@@@std@@@std@@@std@@QAEXIV?$_List_unchecked_iterator@V?$_List_val@U?$_List_simple_types@U?$pair@$$CBV?$basic_string@DU?$char_traits@D@std@@V?$allocator@D@2@@std@@H@std@@@std@@@std@@@2@@Z 00408d90 f i game.obj
 0001:00007e70       ?_Deallocate_for_capacity@?$basic_string@DU?$char_traits@D@std@@V?$allocator@D@2@@std@@CAXAAV?$allocator@D@2@QADI@Z 00408e70 f i game.obj
 0001:00007ee0       ?_Forced_rehash@?$_Hash@V?$_Umap_traits@V?$basic_string@DU?$char_traits@D@std@@V?$allocator@D@2@@std@@HV?$_Uhash_compare@V?$basic_string@DU?$char_traits@D@std@@V?$allocator@D@2@@std@@U?$hash@V?$basic_string@DU?$char_traits@D@std@@V?$allocator@D@2@@std@@@2@U?$equal_to@V?$basic_string@DU?$char_traits@D@std@@V?$allocator@D@2@@std@@@2@@2@V?$allocator@U?$pair@$$CBV?$basic_string@DU?$char_traits@D@std@@V?$allocator@D@2@@std@@H@std@@@2@$0A@@std@@@std@@IAEXI@Z 00408ee0 f i game.obj
 0001:000080e0       ?_Throw_bad_array_new_length@std@@YAXXZ 004090e0 f i game.obj
 0001:00008100       ??1?$basic_string@DU?$char_traits@D@std@@V?$allocator@D@2@@std@@QAE@XZ 00409100 f i game.obj
 0001:00008100       ?_Tidy_deallocate@?$basic_string@DU?$char_traits@D@std@@V?$allocator@D@2@@std@@AAEXXZ 00409100 f i game.obj
 0001:00008160       ?_Xlen_string@std@@YAXXZ   00409160 f i game.obj
 0001:00008170       ?_Xlength@?$vector@HV?$allocator@H@std@@@std@@CAXXZ 00409170 f   game.obj
 0001:00008180       ?deallocate@?$allocator@D@std@@QAEXQADI@Z 00409180 f i game.obj
 0001:000081c0       ?deallocate@?$allocator@V?$_List_unchecked_iterator@V?$_List_val@U?$_List_simple_types@U?$pair@$$CBV?$basic_string@DU?$char_traits@D@std@@V?$allocator@D@2@@std@@H@std@@@std@@@std@@@std@@@std@@QAEXQAV?$_List_unchecked_iterator@V?$_List_val@U?$_List_simple_types@U?$pair@$$CBV?$basic_string@DU?$char_traits@D@std@@V?$allocator@D@2@@std@@H@std@@@std@@@std@@@2@I@Z 004091c0 f i game.obj
 0001:00008210       ?lock@_Mutex_base@std@@QAEXXZ 00409210 f i game.obj
 0001:00008250       ?what@exception@std@@UBEPBDXZ 00409250 f i game.obj
 0001:00008260       _GameSelfTest              00409260 f   game.obj
 0001:00008720       ___local_stdio_printf_options 00409720 f i game.obj
 0001:00008730       _snprintf                  00409730 f i game.obj
 0001:00008770       ??$?6U?$char_traits@D@std@@@std@@YAAAV?$basic_ostream@DU?$char_traits@D@std@@@0@AAV10@PBD@Z 00409770 f i game2.obj
 0001:00008a30       ??$?8DU?$char_traits@D@std@@@std@@YA_NABV?$istreambuf_iterator@DU?$char_traits@D@std@@@0@0@Z 00409a30 f i game2.obj
 0001:00008ad0       ??$?8DU?$char_traits@D@std@@V?$allocator@D@1@@std@@YA_NABV?$basic_string@DU?$char_traits@D@std@@V?$allocator@D@2@@0@QBD@Z 00409ad0 f i game2.obj
 0001:00008b70       ??$_Common_extract_with_num_get@J@?$basic_istream@DU?$char_traits@D@std@@@std@@AAEAAV01@AAJ@Z 00409b70 f i game2.obj
 0001:00008d10       ??$_Fput_v3@$0A@@?$num_put@DV?$ostreambuf_iterator@DU?$char_traits@D@std@@@std@@@std@@ABE?AV?$ostreambuf_iterator@DU?$char_traits@D@std@@@1@V21@AAVios_base@1@DPBDI_N@Z 00409d10 f i game2.obj
 0001:00009260       ??$_Getloctxt@V?$istreambuf_iterator@DU?$char_traits@D@std@@@std@@D@std@@YAHAAV?$istreambuf_iterator@DU?$char_traits@D@std@@@0@0IPBDW4_Case_sensitive@0@@Z 0040a260 f i game2.obj
 0001:00009660       ??$_Parse_fp_with_locale@$0A@@?$num_get@DV?$istreambuf_iterator@DU?$char_traits@D@std@@@std@@@std@@CA?AU_Num_get_parse_result@1@QADHAAV?$istreambuf_iterator@DU?$char_traits@D@std@@@1@1ABVlocale@1@@Z 0040a660 f i game2.obj
 0001:0000ae40       ??$_Parse_int_with_locale@$0A@@?$num_get@DV?$istreambuf_iterator@DU?$char_traits@D@std@@@std@@@std@@CA?AU_Num_get_parse_result@1@QADAAV?$istreambuf_iterator@DU?$char_traits@D@std@@@1@1HABVlocale@1@@Z 0040be40 f i game2.obj
 0001:0000bbb0       ??$use_facet@V?$ctype@D@std@@@std@@YAABV?$ctype@D@0@ABVlocale@0@@Z 0040cbb0 f i game2.obj
 0001:0000bd40       ??$use_facet@V?$num_get@DV?$istreambuf_iterator@DU?$char_traits@D@std@@@std@@@std@@@std@@YAABV?$num_get@DV?$istreambuf_iterator@DU?$char_traits@D@std@@@std@@@0@ABVlocale@0@@Z 0040cd40 f i game2.obj
 0001:0000bea0       ??$use_facet@V?$num_put@DV?$ostreambuf_iterator@DU?$char_traits@D@std@@@std@@@std@@@std@@YAABV?$num_put@DV?$ostreambuf_iterator@DU?$char_traits@D@std@@@std@@@0@ABVlocale@0@@Z 0040cea0 f i game2.obj
 0001:0000c000       ??$use_facet@V?$numpunct@D@std@@@std@@YAABV?$numpunct@D@0@ABVlocale@0@@Z 0040d000 f i game2.obj
 0001:0000c230       ??0?$basic_ios@DU?$char_traits@D@std@@@std@@IAE@XZ 0040d230 f i game2.obj
 0001:0000c2a0       ??0?$basic_istringstream@DU?$char_traits@D@std@@V?$allocator@D@2@@std@@QAE@ABV?$basic_string@DU?$char_traits@D@std@@V?$allocator@D@2@@1@H@Z 0040d2a0 f i game2.obj
 0001:0000c430       ??0?$basic_streambuf@DU?$char_traits@D@std@@@std@@IAE@XZ 0040d430 f i game2.obj
 0001:0000c4f0       ??0?$basic_string@DU?$char_traits@D@std@@V?$allocator@D@2@@std@@QAE@ID@Z 0040d4f0 f i game2.obj
 0001:0000c5a0       ??0?$fpos@U_Mbstatet@@@std@@QAE@_J@Z 0040d5a0 f i game2.obj
 0001:0000c5d0       ??0_Locinfo@std@@QAE@PBD@Z 0040d5d0 f i game2.obj
 0001:0000c670       ??0_System_error@std@@IAE@Verror_code@1@ABV?$basic_string@DU?$char_traits@D@std@@V?$allocator@D@2@@1@@Z 0040d670 f i game2.obj
 0001:0000c890       ??0_System_error@std@@QAE@ABV01@@Z 0040d890 f i game2.obj
 0001:0000c8d0       ??0bad_cast@std@@QAE@ABV01@@Z 0040d8d0 f i game2.obj
 0001:0000c900       ??0exception@std@@QAE@QBD@Z 0040d900 f i game2.obj
 0001:0000c940       ??0failure@ios_base@std@@QAE@ABV012@@Z 0040d940 f i game2.obj
 0001:0000c990       ??0failure@ios_base@std@@QAE@PBDABVerror_code@2@@Z 0040d990 f i game2.obj
 0001:0000ca70       ??0runtime_error@std@@QAE@ABV01@@Z 0040da70 f i game2.obj
 0001:0000caa0       ??0runtime_error@std@@QAE@PBD@Z 0040daa0 f i game2.obj
 0001:0000caf0       ??0sentry@?$basic_ostream@DU?$char_traits@D@std@@@std@@QAE@AAV12@@Z 0040daf0 f i game2.obj
 0001:0000cb80       ??0system_error@std@@QAE@ABV01@@Z 0040db80 f i game2.obj
 0001:0000cbd0       ??1?$_Tidy_guard@V?$numpunct@D@std@@@std@@QAE@XZ 0040dbd0 f i game2.obj
 0001:0000cc00       ??1?$basic_ios@DU?$char_traits@D@std@@@std@@UAE@XZ 0040dc00 f i game2.obj
 0001:0000cc50       ??1?$basic_istream@DU?$char_traits@D@std@@@std@@UAE@XZ 0040dc50 f i game2.obj
 0001:0000cc70       ??1?$basic_ostream@DU?$char_traits@D@std@@@std@@UAE@XZ 0040dc70 f i game2.obj
 0001:0000cc90       ??1?$basic_streambuf@DU?$char_traits@D@std@@@std@@UAE@XZ 0040dc90 f i game2.obj
 0001:0000ccd0       ??1?$unique_ptr@V_Facet_base@std@@U?$default_delete@V_Facet_base@std@@@2@@std@@QAE@XZ 0040dcd0 f i game2.obj
 0001:0000cce0       ??1_Locinfo@std@@QAE@XZ    0040dce0 f i game2.obj
 0001:0000cdb0       ??1_Sentry_base@?$basic_ostream@DU?$char_traits@D@std@@@std@@QAE@XZ 0040ddb0 f i game2.obj
 0001:0000cdb0       ??1_Sentry_base@?$basic_istream@DU?$char_traits@D@std@@@std@@QAE@XZ 0040ddb0 f i game2.obj
 0001:0000cdf0       ??1facet@locale@std@@MAE@XZ 0040ddf0 f i game2.obj
 0001:0000ce00       ??1locale@std@@QAE@XZ      0040de00 f i game2.obj
 0001:0000ce20       ??1sentry@?$basic_istream@DU?$char_traits@D@std@@@std@@QAE@XZ 0040de20 f i game2.obj
 0001:0000ce70       ??1sentry@?$basic_ostream@DU?$char_traits@D@std@@@std@@QAE@XZ 0040de70 f i game2.obj
 0001:0000ced0       ??6?$basic_ostream@DU?$char_traits@D@std@@@std@@QAEAAV01@H@Z 0040ded0 f i game2.obj
 0001:0000d0c0       ??6?$basic_ostream@DU?$char_traits@D@std@@@std@@QAEAAV01@N@Z 0040e0c0 f i game2.obj
 0001:0000d2b0       ??8type_info@@QBE_NABV0@@Z 0040e2b0 f i game2.obj
 0001:0000d2d0       ??D?$istreambuf_iterator@DU?$char_traits@D@std@@@std@@QBEDXZ 0040e2d0 f i game2.obj
 0001:0000d320       ??E?$istreambuf_iterator@DU?$char_traits@D@std@@@std@@QAEAAV01@XZ 0040e320 f i game2.obj
 0001:0000d370       ??_D?$basic_istringstream@DU?$char_traits@D@std@@V?$allocator@D@2@@std@@QAEXXZ 0040e370 f i game2.obj
 0001:0000d430       ??_D?$basic_ostringstream@DU?$char_traits@D@std@@V?$allocator@D@2@@std@@QAEXXZ 0040e430 f i game2.obj
 0001:0000d4f0       ??_E?$basic_istream@DU?$char_traits@D@std@@@std@@$4PPPPPPPM@A@AEPAXI@Z 0040e4f0 f i game2.obj
 0001:0000d4f8       ??_E?$basic_istringstream@DU?$char_traits@D@std@@V?$allocator@D@2@@std@@$4PPPPPPPM@A@AEPAXI@Z 0040e4f8 f i game2.obj
 0001:0000d500       ??_E?$basic_ostream@DU?$char_traits@D@std@@@std@@$4PPPPPPPM@A@AEPAXI@Z 0040e500 f i game2.obj
 0001:0000d508       ??_E?$basic_ostringstream@DU?$char_traits@D@std@@V?$allocator@D@2@@std@@$4PPPPPPPM@A@AEPAXI@Z 0040e508 f i game2.obj
 0001:0000d510       ??_G?$basic_ios@DU?$char_traits@D@std@@@std@@UAEPAXI@Z 0040e510 f i game2.obj
 0001:0000d510       ??_E?$basic_ios@DU?$char_traits@D@std@@@std@@UAEPAXI@Z 0040e510 f i game2.obj
 0001:0000d570       ??_G?$basic_istream@DU?$char_traits@D@std@@@std@@UAEPAXI@Z 0040e570 f i game2.obj
 0001:0000d570       ??_E?$basic_istream@DU?$char_traits@D@std@@@std@@UAEPAXI@Z 0040e570 f i game2.obj
 0001:0000d5f0       ??_E?$basic_istringstream@DU?$char_traits@D@std@@V?$allocator@D@2@@std@@UAEPAXI@Z 0040e5f0 f i game2.obj
 0001:0000d5f0       ??_G?$basic_istringstream@DU?$char_traits@D@std@@V?$allocator@D@2@@std@@UAEPAXI@Z 0040e5f0 f i game2.obj
 0001:0000d620       ??_E?$basic_ostream@DU?$char_traits@D@std@@@std@@UAEPAXI@Z 0040e620 f i game2.obj
 0001:0000d620       ??_G?$basic_ostream@DU?$char_traits@D@std@@@std@@UAEPAXI@Z 0040e620 f i game2.obj
 0001:0000d6a0       ??_G?$basic_ostringstream@DU?$char_traits@D@std@@V?$allocator@D@2@@std@@UAEPAXI@Z 0040e6a0 f i game2.obj
 0001:0000d6a0       ??_E?$basic_ostringstream@DU?$char_traits@D@std@@V?$allocator@D@2@@std@@UAEPAXI@Z 0040e6a0 f i game2.obj
 0001:0000d6d0       ??_G?$basic_streambuf@DU?$char_traits@D@std@@@std@@UAEPAXI@Z 0040e6d0 f i game2.obj
 0001:0000d6d0       ??_E?$basic_streambuf@DU?$char_traits@D@std@@@std@@UAEPAXI@Z 0040e6d0 f i game2.obj
 0001:0000d720       ??_G?$basic_stringbuf@DU?$char_traits@D@std@@V?$allocator@D@2@@std@@UAEPAXI@Z 0040e720 f i game2.obj
 0001:0000d720       ??_E?$basic_stringbuf@DU?$char_traits@D@std@@V?$allocator@D@2@@std@@UAEPAXI@Z 0040e720 f i game2.obj
 0001:0000d780       ??_G?$ctype@D@std@@MAEPAXI@Z 0040e780 f i game2.obj
 0001:0000d780       ??_E?$ctype@D@std@@MAEPAXI@Z 0040e780 f i game2.obj
 0001:0000d7d0       ??_E?$num_put@DV?$ostreambuf_iterator@DU?$char_traits@D@std@@@std@@@std@@MAEPAXI@Z 0040e7d0 f i game2.obj
 0001:0000d7d0       ??_G?$num_get@DV?$istreambuf_iterator@DU?$char_traits@D@std@@@std@@@std@@MAEPAXI@Z 0040e7d0 f i game2.obj
 0001:0000d7d0       ??_G?$num_put@DV?$ostreambuf_iterator@DU?$char_traits@D@std@@@std@@@std@@MAEPAXI@Z 0040e7d0 f i game2.obj
 0001:0000d7d0       ??_E?$num_get@DV?$istreambuf_iterator@DU?$char_traits@D@std@@@std@@@std@@MAEPAXI@Z 0040e7d0 f i game2.obj
 0001:0000d800       ??_E?$numpunct@D@std@@MAEPAXI@Z 0040e800 f i game2.obj
 0001:0000d800       ??_G?$numpunct@D@std@@MAEPAXI@Z 0040e800 f i game2.obj
 0001:0000d870       ??_G_Facet_base@std@@UAEPAXI@Z 0040e870 f i game2.obj
 0001:0000d870       ??_E_Facet_base@std@@UAEPAXI@Z 0040e870 f i game2.obj
 0001:0000d8a0       ??_E_Iostream_error_category2@std@@UAEPAXI@Z 0040e8a0 f i game2.obj
 0001:0000d8a0       ??_G_Iostream_error_category2@std@@UAEPAXI@Z 0040e8a0 f i game2.obj
 0001:0000d8c0       ??_G_System_error@std@@UAEPAXI@Z 0040e8c0 f i game2.obj
 0001:0000d8c0       ??_Gfailure@ios_base@std@@UAEPAXI@Z 0040e8c0 f i game2.obj
 0001:0000d8c0       ??_Esystem_error@std@@UAEPAXI@Z 0040e8c0 f i game2.obj
 0001:0000d8c0       ??_Gsystem_error@std@@UAEPAXI@Z 0040e8c0 f i game2.obj
 0001:0000d8c0       ??_Efailure@ios_base@std@@UAEPAXI@Z 0040e8c0 f i game2.obj
 0001:0000d8c0       ??_E_System_error@std@@UAEPAXI@Z 0040e8c0 f i game2.obj
 0001:0000d8f0       ??_Eexception@std@@UAEPAXI@Z 0040e8f0 f i game.obj
 0001:0000d8f0       ??_Gexception@std@@UAEPAXI@Z 0040e8f0 f i game.obj
 0001:0000d8f0       ??_Ebad_cast@std@@UAEPAXI@Z 0040e8f0 f i game2.obj
 0001:0000d8f0       ??_Eruntime_error@std@@UAEPAXI@Z 0040e8f0 f i game2.obj
 0001:0000d8f0       ??_Ebad_array_new_length@std@@UAEPAXI@Z 0040e8f0 f i game.obj
 0001:0000d8f0       ??_Gbad_alloc@std@@UAEPAXI@Z 0040e8f0 f i game.obj
 0001:0000d8f0       ??_Gbad_array_new_length@std@@UAEPAXI@Z 0040e8f0 f i game.obj
 0001:0000d8f0       ??_Gruntime_error@std@@UAEPAXI@Z 0040e8f0 f i game2.obj
 0001:0000d8f0       ??_Gbad_cast@std@@UAEPAXI@Z 0040e8f0 f i game2.obj
 0001:0000d8f0       ??_Ebad_alloc@std@@UAEPAXI@Z 0040e8f0 f i game.obj
 0001:0000d920       ??_Eios_base@std@@UAEPAXI@Z 0040e920 f i game2.obj
 0001:0000d920       ??_Gios_base@std@@UAEPAXI@Z 0040e920 f i game2.obj
 0001:0000d980       ?_Decref@facet@locale@std@@UAEPAV_Facet_base@3@XZ 0040e980 f i game2.obj
 0001:0000d9a0       ?_Ffmt@?$num_put@DV?$ostreambuf_iterator@DU?$char_traits@D@std@@@std@@@std@@ABAPADPADDH@Z 0040e9a0 f i game2.obj
 0001:0000da70       ?_Incref@facet@locale@std@@UAEXXZ 0040ea70 f i game2.obj
 0001:0000da80       ?_Init@?$basic_streambuf@DU?$char_traits@D@std@@@std@@IAEXXZ 0040ea80 f i game2.obj
 0001:0000dae0       ?_Ipfx@?$basic_istream@DU?$char_traits@D@std@@@std@@QAE_N_N@Z 0040eae0 f i game2.obj
 0001:0000dd90       ?_Iput@?$num_put@DV?$ostreambuf_iterator@DU?$char_traits@D@std@@@std@@@std@@ABA?AV?$ostreambuf_iterator@DU?$char_traits@D@std@@@2@V32@AAVios_base@2@DPADI@Z 0040ed90 f i game2.obj
 0001:0000e270       ?_Osfx@?$basic_ostream@DU?$char_traits@D@std@@@std@@QAEXXZ 0040f270 f i game2.obj
 0001:0000e340       ?_Put@?$num_put@DV?$ostreambuf_iterator@DU?$char_traits@D@std@@@std@@@std@@ABA?AV?$ostreambuf_iterator@DU?$char_traits@D@std@@@2@V32@PBDI@Z 0040f340 f i game2.obj
 0001:0000e3c0       ?_Rep@?$num_put@DV?$ostreambuf_iterator@DU?$char_traits@D@std@@@std@@@std@@ABA?AV?$ostreambuf_iterator@DU?$char_traits@D@std@@@2@V32@DI@Z 0040f3c0 f i game2.obj
 0001:0000e430       ?_Tidy@?$_Yarn@D@std@@AAEXXZ 0040f430 f i game2.obj
 0001:0000e430       ??1?$_Yarn@D@std@@QAE@XZ   0040f430 f i game2.obj
 0001:0000e430       ??1?$_Yarn@_W@std@@QAE@XZ  0040f430 f i game2.obj
 0001:0000e450       ?_Tidy@?$basic_stringbuf@DU?$char_traits@D@std@@V?$allocator@D@2@@std@@IAEXXZ 0040f450 f i game2.obj
 0001:0000e530       ?_Xran@?$_String_val@U?$_Simple_types@D@std@@@std@@SAXXZ 0040f530 f i game2.obj
 0001:0000e540       ?append@?$basic_string@DU?$char_traits@D@std@@V?$allocator@D@2@@std@@QAEAAV12@QBDI@Z 0040f540 f i game2.obj
 0001:0000e680       ?assign@?$basic_string@DU?$char_traits@D@std@@V?$allocator@D@2@@std@@QAEAAV12@$$QAV12@@Z 0040f680 f i game2.obj
 0001:0000ead0       ?clear@ios_base@std@@QAEXH@Z 0040fad0 f i game2.obj
 0001:0000eb40       ?clear@ios_base@std@@QAEXH_N@Z 0040fb40 f i game2.obj
 0001:0000ebc0       ?default_error_condition@error_category@std@@UBE?AVerror_condition@2@H@Z 0040fbc0 f i game2.obj
 0001:0000ebd0       ?do_decimal_point@?$numpunct@D@std@@MBEDXZ 0040fbd0 f i game2.obj
 0001:0000ebe0       ?do_falsename@?$numpunct@D@std@@MBE?AV?$basic_string@DU?$char_traits@D@std@@V?$allocator@D@2@@2@XZ 0040fbe0 f i game2.obj
 0001:0000ec20       ?do_get@?$num_get@DV?$istreambuf_iterator@DU?$char_traits@D@std@@@std@@@std@@MBE?AV?$istreambuf_iterator@DU?$char_traits@D@std@@@2@V32@0AAVios_base@2@AAHAAG@Z 0040fc20 f i game2.obj
 0001:0000ed50       ?do_get@?$num_get@DV?$istreambuf_iterator@DU?$char_traits@D@std@@@std@@@std@@MBE?AV?$istreambuf_iterator@DU?$char_traits@D@std@@@2@V32@0AAVios_base@2@AAHAAI@Z 0040fd50 f i game2.obj
 0001:0000ee60       ?do_get@?$num_get@DV?$istreambuf_iterator@DU?$char_traits@D@std@@@std@@@std@@MBE?AV?$istreambuf_iterator@DU?$char_traits@D@std@@@2@V32@0AAVios_base@2@AAHAAJ@Z 0040fe60 f i game2.obj
 0001:0000ef60       ?do_get@?$num_get@DV?$istreambuf_iterator@DU?$char_traits@D@std@@@std@@@std@@MBE?AV?$istreambuf_iterator@DU?$char_traits@D@std@@@2@V32@0AAVios_base@2@AAHAAK@Z 0040ff60 f i game2.obj
 0001:0000f060       ?do_get@?$num_get@DV?$istreambuf_iterator@DU?$char_traits@D@std@@@std@@@std@@MBE?AV?$istreambuf_iterator@DU?$char_traits@D@std@@@2@V32@0AAVios_base@2@AAHAAM@Z 00410060 f i game2.obj
 0001:0000f180       ?do_get@?$num_get@DV?$istreambuf_iterator@DU?$char_traits@D@std@@@std@@@std@@MBE?AV?$istreambuf_iterator@DU?$char_traits@D@std@@@2@V32@0AAVios_base@2@AAHAAN@Z 00410180 f i game2.obj
 0001:0000f2a0       ?do_get@?$num_get@DV?$istreambuf_iterator@DU?$char_traits@D@std@@@std@@@std@@MBE?AV?$istreambuf_iterator@DU?$char_traits@D@std@@@2@V32@0AAVios_base@2@AAHAAO@Z 004102a0 f i game2.obj
 0001:0000f3d0       ?do_get@?$num_get@DV?$istreambuf_iterator@DU?$char_traits@D@std@@@std@@@std@@MBE?AV?$istreambuf_iterator@DU?$char_traits@D@std@@@2@V32@0AAVios_base@2@AAHAAPAX@Z 004103d0 f i game2.obj
 0001:0000f4e0       ?do_get@?$num_get@DV?$istreambuf_iterator@DU?$char_traits@D@std@@@std@@@std@@MBE?AV?$istreambuf_iterator@DU?$char_traits@D@std@@@2@V32@0AAVios_base@2@AAHAA_J@Z 004104e0 f i game2.obj
 0001:0000f5f0       ?do_get@?$num_get@DV?$istreambuf_iterator@DU?$char_traits@D@std@@@std@@@std@@MBE?AV?$istreambuf_iterator@DU?$char_traits@D@std@@@2@V32@0AAVios_base@2@AAHAA_K@Z 004105f0 f i game2.obj
 0001:0000f700       ?do_get@?$num_get@DV?$istreambuf_iterator@DU?$char_traits@D@std@@@std@@@std@@MBE?AV?$istreambuf_iterator@DU?$char_traits@D@std@@@2@V32@0AAVios_base@2@AAHAA_N@Z 00410700 f i game2.obj
 0001:0000faf0       ?do_grouping@?$numpunct@D@std@@MBE?AV?$basic_string@DU?$char_traits@D@std@@V?$allocator@D@2@@2@XZ 00410af0 f i game2.obj
 0001:0000fb30       ?do_narrow@?$ctype@D@std@@MBEDDD@Z 00410b30 f i game2.obj
 0001:0000fb40       ?do_narrow@?$ctype@D@std@@MBEPBDPBD0DPAD@Z 00410b40 f i game2.obj
 0001:0000fb60       ?do_put@?$num_put@DV?$ostreambuf_iterator@DU?$char_traits@D@std@@@std@@@std@@MBE?AV?$ostreambuf_iterator@DU?$char_traits@D@std@@@2@V32@AAVios_base@2@DJ@Z 00410b60 f i game2.obj
 0001:0000fc10       ?do_put@?$num_put@DV?$ostreambuf_iterator@DU?$char_traits@D@std@@@std@@@std@@MBE?AV?$ostreambuf_iterator@DU?$char_traits@D@std@@@2@V32@AAVios_base@2@DK@Z 00410c10 f i game2.obj
 0001:0000fcc0       ?do_put@?$num_put@DV?$ostreambuf_iterator@DU?$char_traits@D@std@@@std@@@std@@MBE?AV?$ostreambuf_iterator@DU?$char_traits@D@std@@@2@V32@AAVios_base@2@DN@Z 00410cc0 f i game2.obj
 0001:0000fe80       ?do_put@?$num_put@DV?$ostreambuf_iterator@DU?$char_traits@D@std@@@std@@@std@@MBE?AV?$ostreambuf_iterator@DU?$char_traits@D@std@@@2@V32@AAVios_base@2@DO@Z 00410e80 f i game2.obj
 0001:00010040       ?do_put@?$num_put@DV?$ostreambuf_iterator@DU?$char_traits@D@std@@@std@@@std@@MBE?AV?$ostreambuf_iterator@DU?$char_traits@D@std@@@2@V32@AAVios_base@2@DPBX@Z 00411040 f i game2.obj
 0001:00010090       ?do_put@?$num_put@DV?$ostreambuf_iterator@DU?$char_traits@D@std@@@std@@@std@@MBE?AV?$ostreambuf_iterator@DU?$char_traits@D@std@@@2@V32@AAVios_base@2@D_J@Z 00411090 f i game2.obj
 0001:00010150       ?do_put@?$num_put@DV?$ostreambuf_iterator@DU?$char_traits@D@std@@@std@@@std@@MBE?AV?$ostreambuf_iterator@DU?$char_traits@D@std@@@2@V32@AAVios_base@2@D_K@Z 00411150 f i game2.obj
 0001:00010210       ?do_put@?$num_put@DV?$ostreambuf_iterator@DU?$char_traits@D@std@@@std@@@std@@MBE?AV?$ostreambuf_iterator@DU?$char_traits@D@std@@@2@V32@AAVios_base@2@D_N@Z 00411210 f i game2.obj
 0001:00010420       ?do_thousands_sep@?$numpunct@D@std@@MBEDXZ 00411420 f i game2.obj
 0001:00010430       ?do_tolower@?$ctype@D@std@@MBEDD@Z 00411430 f i game2.obj
 0001:00010450       ?do_tolower@?$ctype@D@std@@MBEPBDPADPBD@Z 00411450 f i game2.obj
 0001:00010480       ?do_toupper@?$ctype@D@std@@MBEDD@Z 00411480 f i game2.obj
 0001:000104a0       ?do_toupper@?$ctype@D@std@@MBEPBDPADPBD@Z 004114a0 f i game2.obj
 0001:000104d0       ?do_truename@?$numpunct@D@std@@MBE?AV?$basic_string@DU?$char_traits@D@std@@V?$allocator@D@2@@2@XZ 004114d0 f i game2.obj
 0001:00010510       ?do_widen@?$ctype@D@std@@MBEDD@Z 00411510 f i game2.obj
 0001:00010520       ?do_widen@?$ctype@D@std@@MBEPBDPBD0PAD@Z 00411520 f i game2.obj
 0001:00010540       ?equivalent@error_category@std@@UBE_NABVerror_code@2@H@Z 00411540 f i game2.obj
 0001:00010570       ?equivalent@error_category@std@@UBE_NHABVerror_condition@2@@Z 00411570 f i game2.obj
 0001:000105b0       ?flush@?$basic_ostream@DU?$char_traits@D@std@@@std@@QAEAAV12@XZ 004115b0 f i game2.obj
 0001:00010700       _CloseThreadpoolWait@4     00411700 f i xbox_crt_shim.obj
 0001:00010700       ?imbue@?$basic_streambuf@DU?$char_traits@D@std@@@std@@MAEXABVlocale@2@@Z 00411700 f i game2.obj
 0001:00010700       _CloseThreadpoolTimer@4    00411700 f i xbox_crt_shim.obj
 0001:00010710       ?init@?$basic_ios@DU?$char_traits@D@std@@@std@@IAEXPAV?$basic_streambuf@DU?$char_traits@D@std@@@2@_N@Z 00411710 f i game2.obj
 0001:000108a0       ?make_error_code@std@@YA?AVerror_code@1@W4io_errc@1@@Z 004118a0 f i game2.obj
 0001:000108c0       ?message@_Iostream_error_category2@std@@UBE?AV?$basic_string@DU?$char_traits@D@std@@V?$allocator@D@2@@2@H@Z 004118c0 f i game2.obj
 0001:00010990       ?name@_Iostream_error_category2@std@@UBEPBDXZ 00411990 f i game2.obj
 0001:000109a0       ?overflow@?$basic_stringbuf@DU?$char_traits@D@std@@V?$allocator@D@2@@std@@MAEHH@Z 004119a0 f i game2.obj
 0001:00010b10       ?pbackfail@?$basic_stringbuf@DU?$char_traits@D@std@@V?$allocator@D@2@@std@@MAEHH@Z 00411b10 f i game2.obj
 0001:00010b60       ?push_back@?$basic_string@DU?$char_traits@D@std@@V?$allocator@D@2@@std@@QAEXD@Z 00411b60 f i game2.obj
 0001:00010c60       ?resize@?$basic_string@DU?$char_traits@D@std@@V?$allocator@D@2@@std@@QAEXID@Z 00411c60 f i game2.obj
 0001:00010dd0       ?seekoff@?$basic_streambuf@DU?$char_traits@D@std@@@std@@MAE?AV?$fpos@U_Mbstatet@@@2@_JHH@Z 00411dd0 f i game2.obj
 0001:00010e00       ?seekoff@?$basic_stringbuf@DU?$char_traits@D@std@@V?$allocator@D@2@@std@@MAE?AV?$fpos@U_Mbstatet@@@2@_JHH@Z 00411e00 f i game2.obj
 0001:00010fd0       ?seekpos@?$basic_streambuf@DU?$char_traits@D@std@@@std@@MAE?AV?$fpos@U_Mbstatet@@@2@V32@H@Z 00411fd0 f i game2.obj
 0001:00011000       ?seekpos@?$basic_stringbuf@DU?$char_traits@D@std@@V?$allocator@D@2@@std@@MAE?AV?$fpos@U_Mbstatet@@@2@V32@H@Z 00412000 f i game2.obj
 0001:00011160       ?setbuf@?$basic_streambuf@DU?$char_traits@D@std@@@std@@MAEPAV12@PAD_J@Z 00412160 f i game2.obj
 0001:00011170       ?setstate@?$basic_ios@DU?$char_traits@D@std@@@std@@QAEXH_N@Z 00412170 f i game2.obj
 0001:000111a0       ?showmanyc@?$basic_streambuf@DU?$char_traits@D@std@@@std@@MAE_JXZ 004121a0 f i game2.obj
 0001:000111b0       _GetCurrentProcessorNumber@0 004121b0 f i xbox_crt_shim.obj
 0001:000111b0       _IsThreadAFiber@0          004121b0 f i xbox_crt_shim.obj
 0001:000111b0       _GetConsoleOutputCP@0      004121b0 f i xbox_crt_shim.obj
 0001:000111b0       _IsDebuggerPresent@0       004121b0 f i xbox_crt_shim.obj
 0001:000111b0       ?sync@?$basic_streambuf@DU?$char_traits@D@std@@@std@@MAEHXZ 004121b0 f i game2.obj
 0001:000111c0       ?uflow@?$basic_streambuf@DU?$char_traits@D@std@@@std@@MAEHXZ 004121c0 f i game2.obj
 0001:000111f0       ?underflow@?$basic_streambuf@DU?$char_traits@D@std@@@std@@MAEHXZ 004121f0 f i game2.obj
 0001:000111f0       _GetCurrentProcess@0       004121f0 f i xbox_crt_shim.obj
 0001:00011200       ?underflow@?$basic_stringbuf@DU?$char_traits@D@std@@V?$allocator@D@2@@std@@MAEHXZ 00412200 f i game2.obj
 0001:00011260       ?xsgetn@?$basic_streambuf@DU?$char_traits@D@std@@@std@@MAE_JPAD_J@Z 00412260 f i game2.obj
 0001:00011330       ?xsputn@?$basic_streambuf@DU?$char_traits@D@std@@@std@@MAE_JPBD_J@Z 00412330 f i game2.obj
 0001:00011410       _GameRiskyStep             00412410 f   game2.obj
 0001:000115c0       _sprintf_s                 004125c0 f i game2.obj
 0001:00011610       _ProbeCppThrowCode         00412610 f   seh_probe.obj
 0001:00011690       _ProbeSeh                  00412690 f   seh_probe.obj
 0001:0001197a       _mainCRTStartup            0041297a f   libcmt:exe_main.obj
 0001:00011984       ??2@YAPAXI@Z               00412984 f   libcmt:new_scalar.obj
 0001:000119b4       ??3@YAXPAXI@Z              004129b4 f   libcmt:delete_scalar_size.obj
 0001:00011a04       ___scrt_acquire_startup_lock 00412a04 f   libcmt:utility.obj
 0001:00011a36       ___scrt_initialize_crt     00412a36 f   libcmt:utility.obj
 0001:00011a6f       ___scrt_initialize_onexit_tables 00412a6f f   libcmt:utility.obj
 0001:00011af6       ___scrt_is_nonwritable_in_current_image 00412af6 f   libcmt:utility.obj
 0001:00011b8d       ___scrt_release_startup_lock 00412b8d f   libcmt:utility.obj
 0001:00011baa       ___scrt_uninitialize_crt   00412baa f   libcmt:utility.obj
 0001:00011bd2       __onexit                   00412bd2 f   libcmt:utility.obj
 0001:00011c00       _atexit                    00412c00 f   libcmt:utility.obj
 0001:00011c20       __ftol2                    00412c20 f   libcmt:ftol2.obj
 0001:00011ccb       ??_Gtype_info@@UAEPAXI@Z   00412ccb f i libcmt:std_type_info_static.obj
 0001:00011ccb       ??_Etype_info@@UAEPAXI@Z   00412ccb f i libcmt:std_type_info_static.obj
 0001:00011cee       ??_V@YAXPAX@Z              00412cee f   libcmt:delete_array.obj
 0001:00011d40       ___security_init_cookie    00412d40 f   libcmt:gs_support.obj
 0001:00011d8b       __get_startup_thread_locale_mode 00412d8b f   libcmt:thread_locale.obj
 0001:00011d8b       ___scrt_initialize_winrt   00412d8b f   libcmt:utility_desktop.obj
 0001:00011d8b       __get_startup_new_mode     00412d8b f   libcmt:new_mode.obj
 0001:00011d8b       __get_startup_commit_mode  00412d8b f   libcmt:commit_mode.obj
 0001:00011d8b       __matherr                  00412d8b f   libcmt:matherr.obj
 0001:00011d8b       ___scrt_stub_for_initialize_mta 00412d8b f   libcmt:utility_desktop.obj
 0001:00011d8b       ___scrt_exe_initialize_mta 00412d8b f   libcmt:utility_desktop.obj
 0001:00011d8e       __get_startup_argv_mode    00412d8e f   libcmt:argv_mode.obj
 0001:00011d92       __get_startup_file_mode    00412d92 f   libcmt:file_mode.obj
 0001:00011d98       ?__scrt_initialize_type_info@@YAXXZ 00412d98 f   libcmt:tncleanup.obj
 0001:00011da4       ___acrt_uninitialize_command_line 00412da4 f   libucrt:argv_data.obj
 0001:00011da4       __should_initialize_environment 00412da4 f   libcmt:env_mode.obj
 0001:00011da7       __initialize_default_precision 00412da7 f   libcmt:default_precision.obj
 0001:00011dc8       __initialize_invalid_parameter_handler 00412dc8 f   libcmt:invalid_parameter_handler.obj
 0001:00011dc8       __initialize_denormal_control 00412dc8 f   libcmt:denormal_control.obj
 0001:00011dcb       ___local_stdio_scanf_options 00412dcb f i libcmt:default_local_stdio_options.obj
 0001:00011dd1       ___scrt_initialize_default_local_stdio_options 00412dd1 f   libcmt:default_local_stdio_options.obj
 0001:00011dee       ___scrt_is_user_matherr_present 00412dee f   libcmt:matherr_detection.obj
 0001:00011dfa       ___scrt_get_dyn_tls_init_callback 00412dfa f   libcmt:dyn_tls_init.obj
 0001:00011e00       ___scrt_get_dyn_tls_dtor_callback 00412e00 f   libcmt:dyn_tls_dtor.obj
 0001:00011e06       ___scrt_fastfail           00412e06 f   libcmt:utility_desktop.obj
 0001:00011f1b       ___scrt_initialize_mta     00412f1b f   libcmt:utility_desktop.obj
 0001:00011f20       ___scrt_set_unhandled_exception_filter 00412f20 f   libcmt:utility_desktop.obj
 0001:00011f2c       ___scrt_unhandled_exception_filter@4 00412f2c f   libcmt:utility_desktop.obj
 0001:00011f82       __crt_debugger_hook        00412f82 f   libcmt:utility_desktop.obj
 0001:00011f8d       __RTC_Initialize           00412f8d f   libcmt:initsect.obj
 0001:00011fb9       __RTC_Terminate            00412fb9 f   libcmt:initsect.obj
 0001:00011ff0       __SEH_prolog4              00412ff0 f   libcmt:sehprolg4.obj
 0001:00012035       ??0bad_alloc@std@@QAE@XZ   00413035 f i libcmt:throw_bad_alloc.obj
 0001:00012053       ?_Xbad_alloc@std@@YAXXZ    00413053 f   libcpmt:xthrow.obj
 0001:00012053       ?__scrt_throw_std_bad_alloc@@YAXXZ 00413053 f   libcmt:throw_bad_alloc.obj
 0001:00012070       ?__scrt_throw_std_bad_array_new_length@@YAXXZ 00413070 f   libcmt:throw_bad_alloc.obj
 0001:0001208d       ??3@YAXPAX@Z               0041308d f   libcmt:delete_scalar.obj
 0001:00012092       ___isa_available_init      00413092 f   libcmt:cpu_disp.obj
 0001:000123ac       ___scrt_is_ucrt_dll_in_use 004133ac f   libcmt:ucrt_detection.obj
 0001:000123b8       @__security_check_cookie@4 004133b8 f   libcmt:secchk.obj
 0001:000123c6       ___raise_securityfailure   004133c6 f   libcmt:gs_report.obj
 0001:000123ee       ___report_gsfailure        004133ee f   libcmt:gs_report.obj
 0001:000124e9       ___report_rangecheckfailure 004134e9 f   libcmt:gs_report.obj
 0001:000124f6       ___report_securityfailure  004134f6 f   libcmt:gs_report.obj
 0001:000125c6       ??0bad_function_call@std@@QAE@ABV01@@Z 004135c6 f i libcpmt:xthrow.obj
 0001:000125e1       ??0bad_function_call@std@@QAE@XZ 004135e1 f i libcpmt:xthrow.obj
 0001:000125f8       ??0length_error@std@@QAE@ABV01@@Z 004135f8 f i libcpmt:xthrow.obj
 0001:00012613       ??0length_error@std@@QAE@PBD@Z 00413613 f i libcpmt:xthrow.obj
 0001:00012632       ??0logic_error@std@@QAE@ABV01@@Z 00413632 f i libcpmt:xthrow.obj
 0001:0001264d       ??0out_of_range@std@@QAE@ABV01@@Z 0041364d f i libcpmt:xthrow.obj
 0001:00012668       ??0out_of_range@std@@QAE@PBD@Z 00413668 f i libcpmt:xthrow.obj
 0001:00012687       ?_Xbad_function_call@std@@YAXXZ 00413687 f   libcpmt:xthrow.obj
 0001:000126a4       ?_Xlength_error@std@@YAXPBD@Z 004136a4 f   libcpmt:xthrow.obj
 0001:000126c4       ?_Xout_of_range@std@@YAXPBD@Z 004136c4 f   libcpmt:xthrow.obj
 0001:000126e4       ?_Xruntime_error@std@@YAXPBD@Z 004136e4 f   libcpmt:xthrow.obj
 0001:00012704       ?what@bad_function_call@std@@UBEPBDXZ 00413704 f i libcpmt:xthrow.obj
 0001:0001270a       __Mtx_lock                 0041370a f   libcpmt:mutex.obj
 0001:0001271b       __Mtx_unlock               0041371b f   libcpmt:mutex.obj
 0001:00012869       ??0system_error@std@@QAE@HABVerror_category@1@PBD@Z 00413869 f i libcpmt:thread0.obj
 0001:000128b9       ??_E_Generic_error_category@std@@UAEPAXI@Z 004138b9 f i libcpmt:thread0.obj
 0001:000128b9       ??_G_Generic_error_category@std@@UAEPAXI@Z 004138b9 f i libcpmt:thread0.obj
 0001:000128d6       ?_Throw_Cpp_error@std@@YAXH@Z 004138d6 f   libcpmt:thread0.obj
 0001:0001290b       ?generic_category@std@@YAABVerror_category@1@XZ 0041390b f i libcpmt:thread0.obj
 0001:00012911       ?message@_Generic_error_category@std@@UBE?AV?$basic_string@DU?$char_traits@D@std@@V?$allocator@D@2@@2@H@Z 00413911 f i libcpmt:thread0.obj
 0001:0001292e       ?name@_Generic_error_category@std@@UBEPBDXZ 0041392e f i libcpmt:thread0.obj
 0001:00012934       ??0_Init_locks@std@@QAE@XZ 00413934 f   libcpmt:xlock.obj
 0001:00012961       ??0_Lockit@std@@QAE@H@Z    00413961 f   libcpmt:xlock.obj
 0001:00012992       ??1_Init_locks@std@@QAE@XZ 00413992 f   libcpmt:xlock.obj
 0001:000129b9       ??1_Lockit@std@@QAE@XZ     004139b9 f   libcpmt:xlock.obj
 0001:000129d8       __Thrd_id                  004139d8 f   libcpmt:cthread.obj
 0001:000129de       __Thrd_join                004139de f   libcpmt:cthread.obj
 0001:00012a2d       __Cnd_do_broadcast_at_thread_exit 00413a2d f   libcpmt:xnotify.obj
 0001:00012c10       ___std_find_trivial_1@12   00413c10 f   libcpmt:vector_algorithms.obj
 0001:00012c20       ___std_reverse_trivially_swappable_1 00413c20 f   libcpmt:vector_algorithms.obj
 0001:00012cda       ?uncaught_exception@std@@YA_NXZ 00413cda f   libcpmt:uncaught_exception.obj
 0001:00012cdf       ?_Syserror_map@std@@YAPBDH@Z 00413cdf f   libcpmt:syserror.obj
 0001:00012d04       ??0_Locimp@locale@std@@AAE@_N@Z 00413d04 f i libcpmt:locale0.obj
 0001:00012d45       ??1_Fac_node@std@@QAE@XZ   00413d45 f i libcpmt:locale0.obj
 0001:00012d76       ??1_Fac_tidy_reg_t@std@@QAE@XZ 00413d76 f i libcpmt:locale0.obj
 0001:00012d9a       ??1_Locimp@locale@std@@MAE@XZ 00413d9a f i libcpmt:locale0.obj
 0001:00012dba       ??4?$_Yarn@D@std@@QAEAAV01@PBD@Z 00413dba f i libcpmt:locale0.obj
 0001:00012e03       ??_E_Locimp@locale@std@@MAEPAXI@Z 00413e03 f i libcpmt:locale0.obj
 0001:00012e03       ??_G_Locimp@locale@std@@MAEPAXI@Z 00413e03 f i libcpmt:locale0.obj
 0001:00012e25       ?_Facet_Register@std@@YAXPAV_Facet_base@1@@Z 00413e25 f   libcpmt:locale0.obj
 0001:00012e52       ?_Getgloballocale@locale@std@@CAPAV_Locimp@12@XZ 00413e52 f   libcpmt:locale0.obj
 0001:00012e58       ?_Init@locale@std@@CAPAV_Locimp@12@_N@Z 00413e58 f   libcpmt:locale0.obj
 0001:00012ee5       ?_Locimp_dtor@_Locimp@locale@std@@CAXPAV123@@Z 00413ee5 f   libcpmt:locale0.obj
 0001:00012f56       ?_Locinfo_ctor@_Locinfo@std@@SAXPAV12@PBD@Z 00413f56 f   libcpmt:locale0.obj
 0001:00012fa2       ?_Locinfo_dtor@_Locinfo@std@@SAXPAV12@@Z 00413fa2 f   libcpmt:locale0.obj
 0001:00012fbc       ?_New_Locimp@_Locimp@locale@std@@CAPAV123@_N@Z 00413fbc f   libcpmt:locale0.obj
 0001:00012fdf       ?_Setgloballocale@locale@std@@CAXPAX@Z 00413fdf f   libcpmt:locale0.obj
 0001:00013007       __Deletegloballocale       00414007 f   libcpmt:locale0.obj
 0001:0001306f       __Getctype                 0041406f f   libcpmt:_tolower.obj
 0001:000130dd       __Tolower                  004140dd f   libcpmt:_tolower.obj
 0001:000131c9       __Getcvt                   004141c9 f   libcpmt:xwctomb.obj
 0001:0001323c       __Toupper                  0041423c f   libcpmt:_toupper.obj
 0001:00013328       ?_Addstd@ios_base@std@@SAXPAV12@@Z 00414328 f   libcpmt:ios.obj
 0001:00013374       ?_Callfns@ios_base@std@@AAEXW4event@12@@Z 00414374 f i libcpmt:ios.obj
 0001:000133a7       ?_Ios_base_dtor@ios_base@std@@CAXPAV12@@Z 004143a7 f   libcpmt:ios.obj
 0001:000133e7       ?_Tidy@ios_base@std@@AAEXXZ 004143e7 f i libcpmt:ios.obj
 0001:00013468       __Stolx                    00414468 f   libcpmt:xstol.obj
 0001:0001351b       __Stoulx                   0041451b f   libcpmt:xstoul.obj
 0001:0001368f       __Stollx                   0041468f f   libcpmt:xstoll.obj
 0001:0001376f       __Stoullx                  0041476f f   libcpmt:xstoull.obj
 0001:00013971       __Timespec64_get_sys       00414971 f   libcpmt:xtime.obj
 0001:000139af       __Xtime_get_ticks          004149af f   libcpmt:xtime.obj
 0001:000139d6       __Mtxdst                   004149d6 f   libcpmt:xmtx.obj
 0001:000139e4       __Mtxinit                  004149e4 f   libcpmt:xmtx.obj
 0001:000139f9       __Mtxlock                  004149f9 f   libcpmt:xmtx.obj
 0001:00013a07       __Mtxunlock                00414a07 f   libcpmt:xmtx.obj
 0001:00013a15       __Cnd_broadcast            00414a15 f   libcpmt:cond.obj
 0001:00013a29       ??1_Init_atexit@@QAE@XZ    00414a29 f i libcpmt:iosptrs.obj
 0001:00013a91       ?_Atexit@@YAXP6AXXZ@Z      00414a91 f   libcpmt:iosptrs.obj
 0001:00013ac0       ??1?$__crt_scoped_stack_ptr@_W@@QAE@XZ 00414ac0 f i libcpmt:StlLCMapStringA.obj
 0001:00013ad9       ___crtLCMapStringA         00414ad9 f   libcpmt:StlLCMapStringA.obj
 0001:00013ca9       __freea_crt                00414ca9 f i libcpmt:StlLCMapStringA.obj
 0001:00013cfb       ___crtGetSystemTimePreciseAsFileTime 00414cfb f   libcpmt:winapisupp.obj
 0001:00013d50       ___std_exception_copy      00414d50 f   libvcruntime:std_exception.obj
 0001:00013db3       ___std_exception_destroy   00414db3 f   libvcruntime:std_exception.obj
 0001:00013dd5       __CxxThrowException@8      00414dd5 f   libvcruntime:throw.obj
 0001:00013e42       ?GetRangeOfTrysToCheck@__FrameHandler3@@SA?AU?$pair@Viterator@TryBlockMap@__FrameHandler3@@V123@@std@@AAVTryBlockMap@1@HPAXPBU_s_FuncInfo@@H@Z 00414e42 f   libvcruntime:trnsctrl.obj
 0001:00013eb1       ?_CallCatchBlock2@@YAPAXPAUEHRegistrationNode@@PBU_s_FuncInfo@@PAXHK@Z 00414eb1 f   libvcruntime:trnsctrl.obj
 0001:00013f11       ?_CallSETranslator@@YAHPAUEHExceptionRecord@@PAUEHRegistrationNode@@PAX2PBU_s_FuncInfo@@H1@Z 00414f11 f   libvcruntime:trnsctrl.obj
 0001:00014010       ?_JumpToContinuation@@YGXPAXPAUEHRegistrationNode@@@Z 00415010 f   libvcruntime:trnsctrl.obj
 0001:00014040       ?_UnwindNestedFrames@@YGXPAUEHRegistrationNode@@PAUEHExceptionRecord@@@Z 00415040 f   libvcruntime:trnsctrl.obj
 0001:00014094       __CatchGuardHandler        00415094 f   libvcruntime:trnsctrl.obj
 0001:000140c5       __CreateFrameInfo          004150c5 f   libvcruntime:trnsctrl.obj
 0001:000140e9       __FindAndUnlinkFrame       004150e9 f   libvcruntime:trnsctrl.obj
 0001:00014131       __TranslatorGuardHandler   00415131 f   libvcruntime:trnsctrl.obj
 0001:000141d0       ___CxxFrameHandler3        004151d0 f   libvcruntime:trnsctrl.obj
 0001:00014210       _memcpy                    00415210 f   libvcruntime:memcpy.obj
 0001:00014210       _memmove                   00415210 f   libvcruntime:memmove.obj
 0001:00014784       __get_purecall_handler     00415784 f   libvcruntime:purevirt.obj
 0001:0001478b       __purecall                 0041578b f   libvcruntime:purevirt.obj
 0001:000147a7       ??0__non_rtti_object@std@@QAE@ABV01@@Z 004157a7 f i libvcruntime:rtti.obj
 0001:000147c2       ??0bad_typeid@std@@QAE@ABV01@@Z 004157c2 f i libvcruntime:rtti.obj
 0001:00014b90       ?__construct_from_string_literal@__non_rtti_object@std@@SA?AV12@QBD@Z 00415b90 f i libvcruntime:rtti.obj
 0001:00014bb2       ?__construct_from_string_literal@bad_cast@std@@SA?AV12@QBD@Z 00415bb2 f i libvcruntime:rtti.obj
 0001:00014bd4       ?__construct_from_string_literal@bad_typeid@std@@SA?AV12@QBD@Z 00415bd4 f i libvcruntime:rtti.obj
 0001:00014bf6       ___RTDynamicCast           00415bf6 f   libvcruntime:rtti.obj
 0001:00014cec       ___RTtypeid                00415cec f   libvcruntime:rtti.obj
 0001:00014d7c       ___DestructExceptionObject 00415d7c f   libvcruntime:ehhelpers.obj
 0001:00014e24       ?_CallMemberFunction0@@YGXQAX0@Z 00415e24 f i libvcruntime:ehhelpers.obj
 0001:00014e89       __IsExceptionObjectToBeDestroyed 00415e89 f   libvcruntime:ehhelpers.obj
 0001:00014eaf       ___AdjustPointer           00415eaf f   libvcruntime:ehhelpers.obj
 0001:00014ed4       ___FrameUnwindFilter       00415ed4 f   libvcruntime:ehhelpers.obj
 0001:00014f2a       ___current_exception       00415f2a f   libvcruntime:ehhelpers.obj
 0001:00014f33       ___current_exception_context 00415f33 f   libvcruntime:ehhelpers.obj
 0001:00014f3c       ___std_terminate           00415f3c f   libvcruntime:ehhelpers.obj
 0001:00014f41       ___std_type_info_compare   00415f41 f   libvcruntime:std_type_info.obj
 0001:00014f80       _memset                    00415f80 f   libvcruntime:memset.obj
 0001:000150f0       __except_handler3          004160f0 f   libvcruntime:exsup3.obj
 0001:00015210       __global_unwind2           00416210 f   libvcruntime:exsup.obj
 0001:00015290       __local_unwind2            00416290 f   libvcruntime:exsup.obj
 0001:00015330       __NLG_Notify1              00416330 f   libvcruntime:exsup.obj
 0001:00015340       __NLG_Notify               00416340 f   libvcruntime:exsup.obj
 0001:00015357       __NLG_Dispatch2            00416357     libvcruntime:exsup.obj
 0001:00015357       __NLG_Dispatch             00416357     libvcruntime:exsup.obj
 0001:00015360       __NLG_Call                 00416360 f   libvcruntime:exsup.obj
 0001:00015362       __NLG_Return2              00416362     libvcruntime:exsup.obj
 0001:000153b0       __except_handler4          004163b0 f   libvcruntime:chandler4.obj
 0001:0001550e       ___vcrt_initialize         0041650e f   libvcruntime:initialization.obj
 0001:0001552d       ___vcrt_uninitialize       0041652d f   libvcruntime:initialization.obj
 0001:00015550       _memchr                    00416550 f   libvcruntime:memchr.obj
 0001:000155fd       ___uncaught_exception      004165fd f   libvcruntime:uncaught_exception.obj
 0001:00015611       _memcmp                    00416611 f   libvcruntime:memcmp.obj
 0001:000169d5       ___vcrt_freefls@4          004179d5 f   libvcruntime:per_thread_data.obj
 0001:000169f1       ___vcrt_getptd             004179f1 f   libvcruntime:per_thread_data.obj
 0001:000169ff       ___vcrt_getptd_noexit      004179ff f   libvcruntime:per_thread_data.obj
 0001:00016a91       ___vcrt_getptd_noinit      00417a91 f   libvcruntime:per_thread_data.obj
 0001:00016ac9       ___vcrt_initialize_ptd     00417ac9 f   libvcruntime:per_thread_data.obj
 0001:00016afc       ___vcrt_uninitialize_ptd   00417afc f   libvcruntime:per_thread_data.obj
 0001:0001724e       ??$TypeMatchHelper@V__FrameHandler3@@@@YAHPBU_s_HandlerType@@PBU_s_CatchableType@@PBU_s_ThrowInfo@@@Z 0041824e f i libvcruntime:frame.obj
 0001:000172dc       ??$__InternalCxxFrameHandler@V__FrameHandler3@@@@YA?AW4_EXCEPTION_DISPOSITION@@PAUEHExceptionRecord@@PAUEHRegistrationNode@@PAU_CONTEXT@@PAXPBU_s_FuncInfo@@H1E@Z 004182dc f i libvcruntime:frame.obj
 0001:000173de       ??$__InternalCxxFrameHandlerWrapper@V__FrameHandler3@@@@YA?AW4_EXCEPTION_DISPOSITION@@PAUEHExceptionRecord@@PAUEHRegistrationNode@@PAU_CONTEXT@@PAXPBU_s_FuncInfo@@H1E@Z 004183de f i libvcruntime:frame.obj
 0001:000173e7       ??0bad_exception@std@@QAE@ABV01@@Z 004183e7 f i libvcruntime:frame.obj
 0001:00017402       ??0bad_exception@std@@QAE@XZ 00418402 f i libvcruntime:frame.obj
 0001:00017420       ??1__non_rtti_object@std@@UAE@XZ 00418420 f i libvcruntime:rtti.obj
 0001:00017420       ??1bad_function_call@std@@UAE@XZ 00418420 f i libcpmt:xthrow.obj
 0001:00017420       ??1bad_typeid@std@@UAE@XZ  00418420 f i libvcruntime:rtti.obj
 0001:00017420       ??1out_of_range@std@@UAE@XZ 00418420 f i libcpmt:xthrow.obj
 0001:00017420       ??1bad_exception@std@@UAE@XZ 00418420 f i libvcruntime:frame.obj
 0001:00017420       ??1length_error@std@@UAE@XZ 00418420 f i libcpmt:xthrow.obj
 0001:00017431       ??_Elength_error@std@@UAEPAXI@Z 00418431 f i libcpmt:xthrow.obj
 0001:00017431       ??_Gout_of_range@std@@UAEPAXI@Z 00418431 f i libcpmt:xthrow.obj
 0001:00017431       ??_Ebad_typeid@std@@UAEPAXI@Z 00418431 f i libvcruntime:rtti.obj
 0001:00017431       ??_Ebad_function_call@std@@UAEPAXI@Z 00418431 f i libcpmt:xthrow.obj
 0001:00017431       ??_Glogic_error@std@@UAEPAXI@Z 00418431 f i libcpmt:xthrow.obj
 0001:00017431       ??_Gbad_exception@std@@UAEPAXI@Z 00418431 f i libvcruntime:frame.obj
 0001:00017431       ??_Gbad_function_call@std@@UAEPAXI@Z 00418431 f i libcpmt:xthrow.obj
 0001:00017431       ??_E__non_rtti_object@std@@UAEPAXI@Z 00418431 f i libvcruntime:rtti.obj
 0001:00017431       ??_Ebad_exception@std@@UAEPAXI@Z 00418431 f i libvcruntime:frame.obj
 0001:00017431       ??_Gbad_typeid@std@@UAEPAXI@Z 00418431 f i libvcruntime:rtti.obj
 0001:00017431       ??_Glength_error@std@@UAEPAXI@Z 00418431 f i libcpmt:xthrow.obj
 0001:00017431       ??_Eout_of_range@std@@UAEPAXI@Z 00418431 f i libcpmt:xthrow.obj
 0001:00017431       ??_G__non_rtti_object@std@@UAEPAXI@Z 00418431 f i libvcruntime:rtti.obj
 0001:00017431       ??_Elogic_error@std@@UAEPAXI@Z 00418431 f i libcpmt:xthrow.obj
 0001:000176b9       ?FrameUnwindToEmptyState@__FrameHandler3@@SAXPAUEHRegistrationNode@@PAXPBU_s_FuncInfo@@@Z 004186b9 f   libvcruntime:frame.obj
 0001:000176d1       ?FrameUnwindToState@__FrameHandler3@@SAXPAUEHRegistrationNode@@PAXPBU_s_FuncInfo@@H@Z 004186d1 f   libvcruntime:frame.obj
 0001:00017859       ?_CallMemberFunction1@@YGXQAX00@Z 00418859 f i libvcruntime:frame.obj
 0001:00017869       ?_CallMemberFunction2@@YGXQAX00H@Z 00418869 f i libvcruntime:frame.obj
 0001:0001787c       ?getESTypes@__FrameHandler3@@SAPBU_s_ESTypeList@@PBU_s_FuncInfo@@@Z 0041887c f i libvcruntime:frame.obj
 0001:00017890       __CallSettingFrame@12      00418890 f   libvcruntime:lowhelpr.obj
 0001:000178b7       __NLG_Return               004188b7     libvcruntime:lowhelpr.obj
 0001:000178dc       _CallDestructExceptionObject 004188dc f   libvcruntime:calldtor.obj
 0001:00017920       __local_unwind4            00418920 f   libvcruntime:exsup4.obj
 0001:00017a10       @_EH4_CallFilterFunc@8     00418a10 f   libvcruntime:exsup4.obj
 0001:00017a30       @_EH4_TransferToHandler@8  00418a30 f   libvcruntime:exsup4.obj
 0001:00017a50       @_EH4_GlobalUnwind2@8      00418a50 f   libvcruntime:exsup4.obj
 0001:00017a70       @_EH4_LocalUnwind@16       00418a70 f   libvcruntime:exsup4.obj
 0001:00017a87       ___vcrt_initialize_locks   00418a87 f   libvcruntime:locks.obj
 0001:00017ac3       ___vcrt_uninitialize_locks 00418ac3 f   libvcruntime:locks.obj
 0001:00017bdd       ___vcrt_FlsAlloc           00418bdd f   libvcruntime:winapi_downlevel.obj
 0001:00017c18       ___vcrt_FlsFree            00418c18 f   libvcruntime:winapi_downlevel.obj
 0001:00017c53       ___vcrt_FlsGetValue        00418c53 f   libvcruntime:winapi_downlevel.obj
 0001:00017c8e       ___vcrt_FlsSetValue        00418c8e f   libvcruntime:winapi_downlevel.obj
 0001:00017ccc       ___vcrt_InitializeCriticalSectionEx 00418ccc f   libvcruntime:winapi_downlevel.obj
 0001:00017d13       _unexpected                00418d13 f   libvcruntime:unexpected.obj
 0001:00017d30       ?GetCurrentState@__FrameHandler3@@SAHPAUEHRegistrationNode@@PAXPBU_s_FuncInfo@@@Z 00418d30 f   libvcruntime:ehstate.obj
 0001:00017d4d       ?SetState@__FrameHandler3@@SAXPAUEHRegistrationNode@@PBU_s_FuncInfo@@H@Z 00418d4d f   libvcruntime:ehstate.obj
 0001:00017d5b       ??0__crt_cached_ptd_host@@QAE@QAU__crt_locale_pointers@@@Z 00418d5b f i libucrt:invalid_parameter.obj
 0001:00017da3       ??1__crt_cached_ptd_host@@QAE@XZ 00418da3 f i libucrt:invalid_parameter.obj
 0001:00017ddf       ?check_synchronize_global_state_index@__crt_cached_ptd_host@@AAEIXZ 00418ddf f i libucrt:invalid_parameter.obj
 0001:00017e08       ?force_synchronize_per_thread_data@__crt_cached_ptd_host@@AAEPAU__acrt_ptd@@XZ 00418e08 f i libucrt:invalid_parameter.obj
 0001:00017e4e       ?get_raw_ptd@__crt_cached_ptd_host@@QAEPAU__acrt_ptd@@XZ 00418e4e f i libucrt:invalid_parameter.obj
 0001:00017e6b       ___acrt_call_reportfault   00418e6b f   libucrt:invalid_parameter.obj
 0001:00017fa4       ___acrt_initialize_invalid_parameter_handler 00418fa4 f   libucrt:invalid_parameter.obj
 0001:00017fb3       __invalid_parameter        00418fb3 f   libucrt:invalid_parameter.obj
 0001:00017fea       __invalid_parameter_internal 00418fea f   libucrt:invalid_parameter.obj
 0001:00018067       __invalid_parameter_noinfo 00419067 f   libucrt:invalid_parameter.obj
 0001:00018077       __invoke_watson            00419077 f   libucrt:invalid_parameter.obj
 0001:000185b5       ??$count@D@formatting_buffer@__crt_stdio_output@@QBEIXZ 004195b5 f i libucrt:output.obj
 0001:000185cd       ??$count@_W@formatting_buffer@__crt_stdio_output@@QBEIXZ 004195cd f i libucrt:output.obj
 0001:000185e6       ??$ensure_buffer_is_big_enough@D@formatting_buffer@__crt_stdio_output@@QAE_NIAAV__crt_cached_ptd_host@@@Z 004195e6 f i libucrt:output.obj
 0001:00018666       ??$ensure_buffer_is_big_enough@_W@formatting_buffer@__crt_stdio_output@@QAE_NIAAV__crt_cached_ptd_host@@@Z 00419666 f i libucrt:output.obj
 0001:000186e7       ??$is_overflow_condition@K@__crt_strtox@@YA_NIK@Z 004196e7 f i libucrt:output.obj
 0001:0001871b       ??$is_wide_character_specifier@D@__crt_stdio_output@@YA_N_KDW4length_modifier@0@@Z 0041971b f i libucrt:output.obj
 0001:0001874c       ??$is_wide_character_specifier@_W@__crt_stdio_output@@YA_N_K_WW4length_modifier@0@@Z 0041974c f i libucrt:output.obj
 0001:0001879a       ??$make_c_string_character_source@DPAPAD@__crt_strtox@@YA?AV?$c_string_character_source@D@0@QBDQAPAD@Z 0041979a f i libucrt:output.obj
 0001:000187b5       ??$parse_integer@KV?$c_string_character_source@D@__crt_strtox@@$0A@@__crt_strtox@@YAKAAV__crt_cached_ptd_host@@V?$c_string_character_source@D@0@H_N@Z 004197b5 f i libucrt:output.obj
 0001:000189c8       ??$parse_integer@KV?$c_string_character_source@_W@__crt_strtox@@$0A@@__crt_strtox@@YAKAAV__crt_cached_ptd_host@@V?$c_string_character_source@_W@0@H_N@Z 004199c8 f i libucrt:output.obj
 0001:00018fac       ??$scratch_data@D@formatting_buffer@__crt_stdio_output@@QAEPADXZ 00419fac f i libucrt:output.obj
 0001:00018fca       ??$type_case_integer@$07@?$output_processor@DV?$string_output_adapter@D@__crt_stdio_output@@V?$standard_base@DV?$string_output_adapter@D@__crt_stdio_output@@@2@@__crt_stdio_output@@AAE_N_N@Z 00419fca f i libucrt:output.obj
 0001:00018fca       ??$type_case_integer@$07@?$output_processor@DV?$string_output_adapter@D@__crt_stdio_output@@V?$format_validation_base@DV?$string_output_adapter@D@__crt_stdio_output@@@2@@__crt_stdio_output@@AAE_N_N@Z 00419fca f i libucrt:output.obj
 0001:00019157       ??$type_case_integer@$07@?$output_processor@_WV?$string_output_adapter@_W@__crt_stdio_output@@V?$standard_base@_WV?$string_output_adapter@_W@__crt_stdio_output@@@2@@__crt_stdio_output@@AAE_N_N@Z 0041a157 f i libucrt:output.obj
 0001:000192e9       ??$type_case_integer@$09@?$output_processor@DV?$string_output_adapter@D@__crt_stdio_output@@V?$format_validation_base@DV?$string_output_adapter@D@__crt_stdio_output@@@2@@__crt_stdio_output@@AAE_N_N@Z 0041a2e9 f i libucrt:output.obj
 0001:000192e9       ??$type_case_integer@$09@?$output_processor@DV?$string_output_adapter@D@__crt_stdio_output@@V?$standard_base@DV?$string_output_adapter@D@__crt_stdio_output@@@2@@__crt_stdio_output@@AAE_N_N@Z 0041a2e9 f i libucrt:output.obj
 0001:00019476       ??$type_case_integer@$09@?$output_processor@_WV?$string_output_adapter@_W@__crt_stdio_output@@V?$standard_base@_WV?$string_output_adapter@_W@__crt_stdio_output@@@2@@__crt_stdio_output@@AAE_N_N@Z 0041a476 f i libucrt:output.obj
 0001:00019608       ??$type_case_integer@$0BA@@?$output_processor@DV?$string_output_adapter@D@__crt_stdio_output@@V?$format_validation_base@DV?$string_output_adapter@D@__crt_stdio_output@@@2@@__crt_stdio_output@@AAE_N_N@Z 0041a608 f i libucrt:output.obj
 0001:00019608       ??$type_case_integer@$0BA@@?$output_processor@DV?$string_output_adapter@D@__crt_stdio_output@@V?$standard_base@DV?$string_output_adapter@D@__crt_stdio_output@@@2@@__crt_stdio_output@@AAE_N_N@Z 0041a608 f i libucrt:output.obj
 0001:00019795       ??$type_case_integer@$0BA@@?$output_processor@_WV?$string_output_adapter@_W@__crt_stdio_output@@V?$standard_base@_WV?$string_output_adapter@_W@__crt_stdio_output@@@2@@__crt_stdio_output@@AAE_N_N@Z 0041a795 f i libucrt:output.obj
 0001:00019927       ??$type_case_integer_parse_into_buffer@I$07@?$output_processor@DV?$string_output_adapter@D@__crt_stdio_output@@V?$format_validation_base@DV?$string_output_adapter@D@__crt_stdio_output@@@2@@__crt_stdio_output@@AAEXI_N@Z 0041a927 f i libucrt:output.obj
 0001:00019927       ??$type_case_integer_parse_into_buffer@I$07@?$output_processor@DV?$string_output_adapter@D@__crt_stdio_output@@V?$standard_base@DV?$string_output_adapter@D@__crt_stdio_output@@@2@@__crt_stdio_output@@AAEXI_N@Z 0041a927 f i libucrt:output.obj
 0001:00019989       ??$type_case_integer_parse_into_buffer@I$07@?$output_processor@_WV?$string_output_adapter@_W@__crt_stdio_output@@V?$standard_base@_WV?$string_output_adapter@_W@__crt_stdio_output@@@2@@__crt_stdio_output@@AAEXI_N@Z 0041a989 f i libucrt:output.obj
 0001:000199fa       ??$type_case_integer_parse_into_buffer@I$09@?$output_processor@DV?$string_output_adapter@D@__crt_stdio_output@@V?$standard_base@DV?$string_output_adapter@D@__crt_stdio_output@@@2@@__crt_stdio_output@@AAEXI_N@Z 0041a9fa f i libucrt:output.obj
 0001:000199fa       ??$type_case_integer_parse_into_buffer@I$09@?$output_processor@DV?$string_output_adapter@D@__crt_stdio_output@@V?$format_validation_base@DV?$string_output_adapter@D@__crt_stdio_output@@@2@@__crt_stdio_output@@AAEXI_N@Z 0041a9fa f i libucrt:output.obj
 0001:00019a79       ??$type_case_integer_parse_into_buffer@I$09@?$output_processor@_WV?$string_output_adapter@_W@__crt_stdio_output@@V?$standard_base@_WV?$string_output_adapter@_W@__crt_stdio_output@@@2@@__crt_stdio_output@@AAEXI_N@Z 0041aa79 f i libucrt:output.obj
 0001:00019b0e       ??$type_case_integer_parse_into_buffer@I$0BA@@?$output_processor@DV?$string_output_adapter@D@__crt_stdio_output@@V?$standard_base@DV?$string_output_adapter@D@__crt_stdio_output@@@2@@__crt_stdio_output@@AAEXI_N@Z 0041ab0e f i libucrt:output.obj
 0001:00019b0e       ??$type_case_integer_parse_into_buffer@I$0BA@@?$output_processor@DV?$string_output_adapter@D@__crt_stdio_output@@V?$format_validation_base@DV?$string_output_adapter@D@__crt_stdio_output@@@2@@__crt_stdio_output@@AAEXI_N@Z 0041ab0e f i libucrt:output.obj
 0001:00019b8a       ??$type_case_integer_parse_into_buffer@I$0BA@@?$output_processor@_WV?$string_output_adapter@_W@__crt_stdio_output@@V?$standard_base@_WV?$string_output_adapter@_W@__crt_stdio_output@@@2@@__crt_stdio_output@@AAEXI_N@Z 0041ab8a f i libucrt:output.obj
[...]
 0001:00033a2d       __ehhandler$??$use_facet@V?$numpunct@D@std@@@std@@YAABV?$numpunct@D@0@ABVlocale@0@@Z 00434a2d f   game2.obj
 0001:00033a40       __unwindfunclet$??0?$basic_istringstream@DU?$char_traits@D@std@@V?$allocator@D@2@@std@@QAE@ABV?$basic_string@DU?$char_traits@D@std@@V?$allocator@D@2@@1@H@Z$0 00434a40 f   game2.obj
 0001:00033a5c       __unwindfunclet$??0?$basic_istringstream@DU?$char_traits@D@std@@V?$allocator@D@2@@std@@QAE@ABV?$basic_string@DU?$char_traits@D@std@@V?$allocator@D@2@@1@H@Z$1 00434a5c f   game2.obj
 0001:00033a67       __unwindfunclet$??0?$basic_istringstream@DU?$char_traits@D@std@@V?$allocator@D@2@@std@@QAE@ABV?$basic_string@DU?$char_traits@D@std@@V?$allocator@D@2@@1@H@Z$4 00434a67 f   game2.obj
 0001:00033a74       __ehhandler$??0?$basic_istringstream@DU?$char_traits@D@std@@V?$allocator@D@2@@std@@QAE@ABV?$basic_string@DU?$char_traits@D@std@@V?$allocator@D@2@@1@H@Z 00434a74 f   game2.obj
 0001:00033a80       __ehhandler$??0?$basic_streambuf@DU?$char_traits@D@std@@@std@@IAE@XZ 00434a80 f   game2.obj
 0001:00033a90       __unwindfunclet$??0_Locinfo@std@@QAE@PBD@Z$0 00434a90 f   game2.obj
 0001:00033a98       __unwindfunclet$??0_Locinfo@std@@QAE@PBD@Z$1 00434a98 f   game2.obj
 0001:00033aa3       __unwindfunclet$??0_Locinfo@std@@QAE@PBD@Z$2 00434aa3 f   game2.obj
 0001:00033aae       __unwindfunclet$??0_Locinfo@std@@QAE@PBD@Z$3 00434aae f   game2.obj
 0001:00033ab9       __unwindfunclet$??0_Locinfo@std@@QAE@PBD@Z$4 00434ab9 f   game2.obj
 0001:00033ac4       __unwindfunclet$??0_Locinfo@std@@QAE@PBD@Z$5 00434ac4 f   game2.obj
 0001:00033acf       __unwindfunclet$??0_Locinfo@std@@QAE@PBD@Z$6 00434acf f   game2.obj
 0001:00033adf       __ehhandler$??0_Locinfo@std@@QAE@PBD@Z 00434adf f   game2.obj
 0001:00033af0       __unwindfunclet$??0_System_error@std@@IAE@Verror_code@1@ABV?$basic_string@DU?$char_traits@D@std@@V?$allocator@D@2@@1@@Z$5 00434af0 f   game2.obj
 0001:00033af8       __unwindfunclet$??0_System_error@std@@IAE@Verror_code@1@ABV?$basic_string@DU?$char_traits@D@std@@V?$allocator@D@2@@1@@Z$6 00434af8 f   game2.obj
 0001:00033b05       __ehhandler$??0_System_error@std@@IAE@Verror_code@1@ABV?$basic_string@DU?$char_traits@D@std@@V?$allocator@D@2@@1@@Z 00434b05 f   game2.obj
 0001:00033b20       __unwindfunclet$??0failure@ios_base@std@@QAE@PBDABVerror_code@2@@Z$1 00434b20 f   game2.obj
 0001:00033b2d       __ehhandler$??0failure@ios_base@std@@QAE@PBDABVerror_code@2@@Z 00434b2d f   game2.obj
 0001:00033b40       __unwindfunclet$??0sentry@?$basic_ostream@DU?$char_traits@D@std@@@std@@QAE@AAV12@@Z$0 00434b40 f   game2.obj
 0001:00033b4d       __ehhandler$??0sentry@?$basic_ostream@DU?$char_traits@D@std@@@std@@QAE@AAV12@@Z 00434b4d f   game2.obj
 0001:00033b60       __ehhandler$??1_Sentry_base@?$basic_istream@DU?$char_traits@D@std@@@std@@QAE@XZ 00434b60 f   game2.obj
 0001:00033b60       __ehhandler$??1_Locinfo@std@@QAE@XZ 00434b60 f   game2.obj
 0001:00033b60       __ehhandler$??1_Sentry_base@?$basic_ostream@DU?$char_traits@D@std@@@std@@QAE@XZ 00434b60 f   game2.obj
 0001:00033b70       __unwindfunclet$??6?$basic_ostream@DU?$char_traits@D@std@@@std@@QAEAAV01@H@Z$4 00434b70 f   game2.obj
 0001:00033b78       __unwindfunclet$??6?$basic_ostream@DU?$char_traits@D@std@@@std@@QAEAAV01@H@Z$2 00434b78 f   game2.obj
 0001:00033b80       __unwindfunclet$??6?$basic_ostream@DU?$char_traits@D@std@@@std@@QAEAAV01@H@Z$3 00434b80 f   game2.obj
 0001:00033b8d       __ehhandler$??6?$basic_ostream@DU?$char_traits@D@std@@@std@@QAEAAV01@H@Z 00434b8d f   game2.obj
 0001:00033ba0       __unwindfunclet$??6?$basic_ostream@DU?$char_traits@D@std@@@std@@QAEAAV01@N@Z$4 00434ba0 f   game2.obj
 0001:00033ba8       __unwindfunclet$??6?$basic_ostream@DU?$char_traits@D@std@@@std@@QAEAAV01@N@Z$2 00434ba8 f   game2.obj
 0001:00033bb0       __unwindfunclet$??6?$basic_ostream@DU?$char_traits@D@std@@@std@@QAEAAV01@N@Z$3 00434bb0 f   game2.obj
 0001:00033bbd       __ehhandler$??6?$basic_ostream@DU?$char_traits@D@std@@@std@@QAEAAV01@N@Z 00434bbd f   game2.obj
 0001:00033bd0       __ehhandler$??_D?$basic_ostringstream@DU?$char_traits@D@std@@V?$allocator@D@2@@std@@QAEXXZ 00434bd0 f   game2.obj
 0001:00033bd0       __ehhandler$??1?$basic_ios@DU?$char_traits@D@std@@@std@@UAE@XZ 00434bd0 f   game2.obj
 0001:00033bd0       __ehhandler$??_D?$basic_istringstream@DU?$char_traits@D@std@@V?$allocator@D@2@@std@@QAEXXZ 00434bd0 f   game2.obj
 0001:00033bd0       __ehhandler$??_G?$basic_ios@DU?$char_traits@D@std@@@std@@UAEPAXI@Z 00434bd0 f   game2.obj
 0001:00033bd0       __ehhandler$??1sentry@?$basic_istream@DU?$char_traits@D@std@@@std@@QAE@XZ 00434bd0 f   game2.obj
 0001:00033bd0       __ehhandler$??_G?$basic_ostream@DU?$char_traits@D@std@@@std@@UAEPAXI@Z 00434bd0 f   game2.obj
 0001:00033bd0       __ehhandler$??_G?$basic_istream@DU?$char_traits@D@std@@@std@@UAEPAXI@Z 00434bd0 f   game2.obj
 0001:00033bd0       __ehhandler$??1sentry@?$basic_ostream@DU?$char_traits@D@std@@@std@@QAE@XZ 00434bd0 f   game2.obj
 0001:00033bd0       __ehhandler$??_Gios_base@std@@UAEPAXI@Z 00434bd0 f   game2.obj
 0001:00033be0       __unwindfunclet$?_Ipfx@?$basic_istream@DU?$char_traits@D@std@@@std@@QAE_N_N@Z$2 00434be0 f   game2.obj
 0001:00033bed       __ehhandler$?_Ipfx@?$basic_istream@DU?$char_traits@D@std@@@std@@QAE_N_N@Z 00434bed f   game2.obj
 0001:00033c00       __unwindfunclet$?_Iput@?$num_put@DV?$ostreambuf_iterator@DU?$char_traits@D@std@@@std@@@std@@ABA?AV?$ostreambuf_iterator@DU?$char_traits@D@std@@@2@V32@AAVios_base@2@DPADI@Z$0 00434c00 f   game2.obj
 0001:00033c08       __unwindfunclet$?_Iput@?$num_put@DV?$ostreambuf_iterator@DU?$char_traits@D@std@@@std@@@std@@ABA?AV?$ostreambuf_iterator@DU?$char_traits@D@std@@@2@V32@AAVios_base@2@DPADI@Z$1 00434c08 f   game2.obj
 0001:00033c10       __unwindfunclet$?_Iput@?$num_put@DV?$ostreambuf_iterator@DU?$char_traits@D@std@@@std@@@std@@ABA?AV?$ostreambuf_iterator@DU?$char_traits@D@std@@@2@V32@AAVios_base@2@DPADI@Z$2 00434c10 f   game2.obj
 0001:00033c18       __unwindfunclet$?_Iput@?$num_put@DV?$ostreambuf_iterator@DU?$char_traits@D@std@@@std@@@std@@ABA?AV?$ostreambuf_iterator@DU?$char_traits@D@std@@@2@V32@AAVios_base@2@DPADI@Z$3 00434c18 f   game2.obj
 0001:00033c25       __ehhandler$?_Iput@?$num_put@DV?$ostreambuf_iterator@DU?$char_traits@D@std@@@std@@@std@@ABA?AV?$ostreambuf_iterator@DU?$char_traits@D@std@@@2@V32@AAVios_base@2@DPADI@Z 00434c25 f   game2.obj
 0001:00033c40       __ehhandler$?_Osfx@?$basic_ostream@DU?$char_traits@D@std@@@std@@QAEXXZ 00434c40 f   game2.obj
 0001:00033c50       __ehhandler$?checkExceptions@?A0x6464a8dc@@YAHXZ 00434c50 f   game2.obj
 0001:00033c60       __unwindfunclet$?checkStreams@?A0x6464a8dc@@YAHXZ$4 00434c60 f   game2.obj
 0001:00033c79       __unwindfunclet$?checkStreams@?A0x6464a8dc@@YAHXZ$5 00434c79 f   game2.obj
 0001:00033c84       __unwindfunclet$?checkStreams@?A0x6464a8dc@@YAHXZ$0 00434c84 f   game2.obj
 0001:00033c8f       __unwindfunclet$?checkStreams@?A0x6464a8dc@@YAHXZ$1 00434c8f f   game2.obj
 0001:00033c97       __unwindfunclet$?checkStreams@?A0x6464a8dc@@YAHXZ$2 00434c97 f   game2.obj
 0001:00033ca2       __unwindfunclet$?checkStreams@?A0x6464a8dc@@YAHXZ$13 00434ca2 f   game2.obj
 0001:00033cc0       __ehhandler$?checkStreams@?A0x6464a8dc@@YAHXZ 00434cc0 f   game2.obj
 0001:00033cd0       __unwindfunclet$?do_get@?$num_get@DV?$istreambuf_iterator@DU?$char_traits@D@std@@@std@@@std@@MBE?AV?$istreambuf_iterator@DU?$char_traits@D@std@@@2@V32@0AAVios_base@2@AAHAAG@Z$0 00434cd0 f   game2.obj
 0001:00033cd0       __unwindfunclet$?do_get@?$num_get@DV?$istreambuf_iterator@DU?$char_traits@D@std@@@std@@@std@@MBE?AV?$istreambuf_iterator@DU?$char_traits@D@std@@@2@V32@0AAVios_base@2@AAHAAPAX@Z$0 00434cd0 f   game2.obj
 0001:00033cdd       __ehhandler$?do_get@?$num_get@DV?$istreambuf_iterator@DU?$char_traits@D@std@@@std@@@std@@MBE?AV?$istreambuf_iterator@DU?$char_traits@D@std@@@2@V32@0AAVios_base@2@AAHAAPAX@Z 00434cdd f   game2.obj
 0001:00033cdd       __ehhandler$?do_get@?$num_get@DV?$istreambuf_iterator@DU?$char_traits@D@std@@@std@@@std@@MBE?AV?$istreambuf_iterator@DU?$char_traits@D@std@@@2@V32@0AAVios_base@2@AAHAAG@Z 00434cdd f   game2.obj
 0001:00033cf0       __unwindfunclet$?do_get@?$num_get@DV?$istreambuf_iterator@DU?$char_traits@D@std@@@std@@@std@@MBE?AV?$istreambuf_iterator@DU?$char_traits@D@std@@@2@V32@0AAVios_base@2@AAHAA_J@Z$0 00434cf0 f   game2.obj
 0001:00033cf0       __unwindfunclet$?do_get@?$num_get@DV?$istreambuf_iterator@DU?$char_traits@D@std@@@std@@@std@@MBE?AV?$istreambuf_iterator@DU?$char_traits@D@std@@@2@V32@0AAVios_base@2@AAHAAK@Z$0 00434cf0 f   game2.obj
 0001:00033cf0       __unwindfunclet$?do_get@?$num_get@DV?$istreambuf_iterator@DU?$char_traits@D@std@@@std@@@std@@MBE?AV?$istreambuf_iterator@DU?$char_traits@D@std@@@2@V32@0AAVios_base@2@AAHAAN@Z$0 00434cf0 f   game2.obj
 0001:00033cf0       __unwindfunclet$?do_get@?$num_get@DV?$istreambuf_iterator@DU?$char_traits@D@std@@@std@@@std@@MBE?AV?$istreambuf_iterator@DU?$char_traits@D@std@@@2@V32@0AAVios_base@2@AAHAAM@Z$0 00434cf0 f   game2.obj
 0001:00033cf0       __unwindfunclet$?do_get@?$num_get@DV?$istreambuf_iterator@DU?$char_traits@D@std@@@std@@@std@@MBE?AV?$istreambuf_iterator@DU?$char_traits@D@std@@@2@V32@0AAVios_base@2@AAHAA_K@Z$0 00434cf0 f   game2.obj
 0001:00033cf0       __unwindfunclet$?do_get@?$num_get@DV?$istreambuf_iterator@DU?$char_traits@D@std@@@std@@@std@@MBE?AV?$istreambuf_iterator@DU?$char_traits@D@std@@@2@V32@0AAVios_base@2@AAHAAI@Z$0 00434cf0 f   game2.obj
 0001:00033cf0       __unwindfunclet$?do_get@?$num_get@DV?$istreambuf_iterator@DU?$char_traits@D@std@@@std@@@std@@MBE?AV?$istreambuf_iterator@DU?$char_traits@D@std@@@2@V32@0AAVios_base@2@AAHAAJ@Z$0 00434cf0 f   game2.obj
 0001:00033cfd       __ehhandler$?do_get@?$num_get@DV?$istreambuf_iterator@DU?$char_traits@D@std@@@std@@@std@@MBE?AV?$istreambuf_iterator@DU?$char_traits@D@std@@@2@V32@0AAVios_base@2@AAHAAK@Z 00434cfd f   game2.obj
 0001:00033cfd       __ehhandler$?do_get@?$num_get@DV?$istreambuf_iterator@DU?$char_traits@D@std@@@std@@@std@@MBE?AV?$istreambuf_iterator@DU?$char_traits@D@std@@@2@V32@0AAVios_base@2@AAHAAI@Z 00434cfd f   game2.obj
 0001:00033cfd       __ehhandler$?do_get@?$num_get@DV?$istreambuf_iterator@DU?$char_traits@D@std@@@std@@@std@@MBE?AV?$istreambuf_iterator@DU?$char_traits@D@std@@@2@V32@0AAVios_base@2@AAHAA_J@Z 00434cfd f   game2.obj
 0001:00033cfd       __ehhandler$?do_get@?$num_get@DV?$istreambuf_iterator@DU?$char_traits@D@std@@@std@@@std@@MBE?AV?$istreambuf_iterator@DU?$char_traits@D@std@@@2@V32@0AAVios_base@2@AAHAAM@Z 00434cfd f   game2.obj
 0001:00033cfd       __ehhandler$?do_get@?$num_get@DV?$istreambuf_iterator@DU?$char_traits@D@std@@@std@@@std@@MBE?AV?$istreambuf_iterator@DU?$char_traits@D@std@@@2@V32@0AAVios_base@2@AAHAAJ@Z 00434cfd f   game2.obj
 0001:00033cfd       __ehhandler$?do_get@?$num_get@DV?$istreambuf_iterator@DU?$char_traits@D@std@@@std@@@std@@MBE?AV?$istreambuf_iterator@DU?$char_traits@D@std@@@2@V32@0AAVios_base@2@AAHAA_K@Z 00434cfd f   game2.obj
 0001:00033cfd       __ehhandler$?do_get@?$num_get@DV?$istreambuf_iterator@DU?$char_traits@D@std@@@std@@@std@@MBE?AV?$istreambuf_iterator@DU?$char_traits@D@std@@@2@V32@0AAVios_base@2@AAHAAN@Z 00434cfd f   game2.obj
 0001:00033d10       __unwindfunclet$?do_get@?$num_get@DV?$istreambuf_iterator@DU?$char_traits@D@std@@@std@@@std@@MBE?AV?$istreambuf_iterator@DU?$char_traits@D@std@@@2@V32@0AAVios_base@2@AAHAAO@Z$0 00434d10 f   game2.obj
 0001:00033d1d       __ehhandler$?do_get@?$num_get@DV?$istreambuf_iterator@DU?$char_traits@D@std@@@std@@@std@@MBE?AV?$istreambuf_iterator@DU?$char_traits@D@std@@@2@V32@0AAVios_base@2@AAHAAO@Z 00434d1d f   game2.obj
 0001:00033d30       __unwindfunclet$?do_get@?$num_get@DV?$istreambuf_iterator@DU?$char_traits@D@std@@@std@@@std@@MBE?AV?$istreambuf_iterator@DU?$char_traits@D@std@@@2@V32@0AAVios_base@2@AAHAA_N@Z$0 00434d30 f   game2.obj
 0001:00033d38       __unwindfunclet$?do_get@?$num_get@DV?$istreambuf_iterator@DU?$char_traits@D@std@@@std@@@std@@MBE?AV?$istreambuf_iterator@DU?$char_traits@D@std@@@2@V32@0AAVios_base@2@AAHAA_N@Z$1 00434d38 f   game2.obj
 0001:00033d40       __unwindfunclet$?do_get@?$num_get@DV?$istreambuf_iterator@DU?$char_traits@D@std@@@std@@@std@@MBE?AV?$istreambuf_iterator@DU?$char_traits@D@std@@@2@V32@0AAVios_base@2@AAHAA_N@Z$2 00434d40 f   game2.obj
 0001:00033d48       __unwindfunclet$?do_get@?$num_get@DV?$istreambuf_iterator@DU?$char_traits@D@std@@@std@@@std@@MBE?AV?$istreambuf_iterator@DU?$char_traits@D@std@@@2@V32@0AAVios_base@2@AAHAA_N@Z$3 00434d48 f   game2.obj
 0001:00033d50       __unwindfunclet$?do_get@?$num_get@DV?$istreambuf_iterator@DU?$char_traits@D@std@@@std@@@std@@MBE?AV?$istreambuf_iterator@DU?$char_traits@D@std@@@2@V32@0AAVios_base@2@AAHAA_N@Z$4 00434d50 f   game2.obj
 0001:00033d5d       __ehhandler$?do_get@?$num_get@DV?$istreambuf_iterator@DU?$char_traits@D@std@@@std@@@std@@MBE?AV?$istreambuf_iterator@DU?$char_traits@D@std@@@2@V32@0AAVios_base@2@AAHAA_N@Z 00434d5d f   game2.obj
 0001:00033d70       __unwindfunclet$?do_put@?$num_put@DV?$ostreambuf_iterator@DU?$char_traits@D@std@@@std@@@std@@MBE?AV?$ostreambuf_iterator@DU?$char_traits@D@std@@@2@V32@AAVios_base@2@DN@Z$0 00434d70 f   game2.obj
 0001:00033d70       __unwindfunclet$?do_put@?$num_put@DV?$ostreambuf_iterator@DU?$char_traits@D@std@@@std@@@std@@MBE?AV?$ostreambuf_iterator@DU?$char_traits@D@std@@@2@V32@AAVios_base@2@DO@Z$0 00434d70 f   game2.obj
 0001:00033d7d       __ehhandler$?do_put@?$num_put@DV?$ostreambuf_iterator@DU?$char_traits@D@std@@@std@@@std@@MBE?AV?$ostreambuf_iterator@DU?$char_traits@D@std@@@2@V32@AAVios_base@2@DN@Z 00434d7d f   game2.obj
 0001:00033d7d       __ehhandler$?do_put@?$num_put@DV?$ostreambuf_iterator@DU?$char_traits@D@std@@@std@@@std@@MBE?AV?$ostreambuf_iterator@DU?$char_traits@D@std@@@2@V32@AAVios_base@2@DO@Z 00434d7d f   game2.obj
 0001:00033d90       __unwindfunclet$?do_put@?$num_put@DV?$ostreambuf_iterator@DU?$char_traits@D@std@@@std@@@std@@MBE?AV?$ostreambuf_iterator@DU?$char_traits@D@std@@@2@V32@AAVios_base@2@D_N@Z$0 00434d90 f   game2.obj
 0001:00033d98       __unwindfunclet$?do_put@?$num_put@DV?$ostreambuf_iterator@DU?$char_traits@D@std@@@std@@@std@@MBE?AV?$ostreambuf_iterator@DU?$char_traits@D@std@@@2@V32@AAVios_base@2@D_N@Z$1 00434d98 f   game2.obj
 0001:00033da5       __ehhandler$?do_put@?$num_put@DV?$ostreambuf_iterator@DU?$char_traits@D@std@@@std@@@std@@MBE?AV?$ostreambuf_iterator@DU?$char_traits@D@std@@@2@V32@AAVios_base@2@D_N@Z 00434da5 f   game2.obj
 0001:00033dc0       __unwindfunclet$?flush@?$basic_ostream@DU?$char_traits@D@std@@@std@@QAEAAV12@XZ$2 00434dc0 f   game2.obj
 0001:00033dcd       __ehhandler$?flush@?$basic_ostream@DU?$char_traits@D@std@@@std@@QAEAAV12@XZ 00434dcd f   game2.obj
 0001:00033de0       __unwindfunclet$?init@?$basic_ios@DU?$char_traits@D@std@@@std@@IAEXPAV?$basic_streambuf@DU?$char_traits@D@std@@@2@_N@Z$1 00434de0 f   game2.obj
 0001:00033ded       __ehhandler$?init@?$basic_ios@DU?$char_traits@D@std@@@std@@IAEXPAV?$basic_streambuf@DU?$char_traits@D@std@@@2@_N@Z 00434ded f   game2.obj
 0001:00033df9       __unwindfunclet$??0system_error@std@@QAE@HABVerror_category@1@PBD@Z$0 00434df9 f   libcpmt:thread0.obj
 0001:00033e06       __ehhandler$??0system_error@std@@QAE@HABVerror_category@1@PBD@Z 00434e06 f   libcpmt:thread0.obj
 0001:00033e2d       __ehhandler$__Cnd_do_broadcast_at_thread_exit 00434e2d f   libcpmt:xnotify.obj
 0001:00033e4a       __unwindfunclet$?_Init@locale@std@@CAPAV_Locimp@12@_N@Z$0 00434e4a f   libcpmt:locale0.obj
 0001:00033e57       __ehhandler$?_Init@locale@std@@CAPAV_Locimp@12@_N@Z 00434e57 f   libcpmt:locale0.obj
 0001:00033e74       __ehhandler$?_Tidy@ios_base@std@@AAEXXZ 00434e74 f   libcpmt:ios.obj
 0001:00033e91       __ehhandler$??1_Init_atexit@@QAE@XZ 00434e91 f   libcpmt:iosptrs.obj
 0001:00033eae       __ehhandler$___crtGetSystemTimePreciseAsFileTime 00434eae f   libcpmt:winapisupp.obj
 0001:00033ecb       __ehhandler$?CallUnexpected@@YAXPBU_s_ESTypeList@@@Z 00434ecb f   libvcruntime:frame.obj
 0001:00033ee8       __ehhandler$?state_case_type@?$output_processor@DV?$string_output_adapter@D@__crt_stdio_output@@V?$standard_base@DV?$string_output_adapter@D@__crt_stdio_output@@@2@@__crt_stdio_output@@AAE_NXZ 00434ee8 f   libucrt:output.obj
 0001:00033ee8       __ehhandler$?state_case_type@?$output_processor@_WV?$string_output_adapter@_W@__crt_stdio_output@@V?$standard_base@_WV?$string_output_adapter@_W@__crt_stdio_output@@@2@@__crt_stdio_output@@AAE_NXZ 00434ee8 f   libucrt:output.obj
 0001:00033ee8       __ehhandler$?state_case_type@?$output_processor@DV?$string_output_adapter@D@__crt_stdio_output@@V?$format_validation_base@DV?$string_output_adapter@D@__crt_stdio_output@@@2@@__crt_stdio_output@@AAE_NXZ 00434ee8 f   libucrt:output.obj
 0001:00033f0f       __ehhandler$?type_case_s_compute_narrow_string_length@?$output_processor@_WV?$string_output_adapter@_W@__crt_stdio_output@@V?$standard_base@_WV?$string_output_adapter@_W@__crt_stdio_output@@@2@@__crt_stdio_output@@AAEHH_W@Z 00434f0f f   libucrt:output.obj
 0001:00033f2c       __ehhandler$___dcrt_uninitialize_environments_nolock 00434f2c f   libucrt:environment_initialization.obj
 0001:00033f49       __ehhandler$?common_exit@@YAXHW4_crt_exit_cleanup_mode@@W4_crt_exit_return_mode@@@Z 00434f49 f   libucrt:exit.obj
 0001:00033f66       __ehhandler$?try_cor_exit_process@@YAXI@Z 00434f66 f   libucrt:exit.obj
 0001:00033f83       __ehhandler$__execute_onexit_table 00434f83 f   libucrt:onexit.obj
 0001:00033fa0       __ehhandler$___acrt_getptd_head 00434fa0 f   libucrt:per_thread_data.obj
 0001:00033fa0       __ehhandler$___acrt_getptd_noexit_explicit 00434fa0 f   libucrt:per_thread_data.obj
 0001:00033fbd       __ehhandler$___acrt_getptd_noexit 00434fbd f   libucrt:per_thread_data.obj
 0001:00033fda       __ehhandler$?_mbstowcs_l_helper@@YAIPA_WPBDIAAV__crt_cached_ptd_host@@@Z 00434fda f   libucrt:mbstowcs.obj
 0001:00033ff7       __ehhandler$?write_double_translated_ansi_nolock@@YA?AUwrite_result@?A0x17268360@@HQBDIAAV__crt_cached_ptd_host@@@Z 00434ff7 f   libucrt:write.obj
 0001:00034020       ??__Fg_blocks@?A0x8d0b8a6f@@YAXXZ 00435020 f   game.obj
 0001:000340a1       ??__Finitlocks@std@@YAXXZ  004350a1 f   libcpmt:xlock.obj
 0001:000340ab       ??__F_Fac_tidy_reg@std@@YAXXZ 004350ab f   libcpmt:locale0.obj
 0001:000340b5       ??__Fclassic_locale@std@@YAXXZ 004350b5 f   libcpmt:locale0.obj
 0001:000340bf       ??__Finit_atexit@@YAXXZ    004350bf f   libcpmt:iosptrs.obj
 0001:000340c9       ??__Finitlocks@std@@YAXXZ  004350c9 f   libcpmt:iosptrs.obj
 0002:000004b0       ?SwapSaveState@D3D@@YGXPAUSwapSavedState@1@@Z 004364b0 f   d3d8:present.obj
 0002:00000590       ?SwapFirstFlip@D3D@@YGXPAVCDevice@1@@Z 00436590 f   d3d8:present.obj
 0002:00000730       ?SwapSetState@D3D@@YGXPAUSwapSavedState@1@@Z 00436730 f   d3d8:present.obj
 0002:00000850       ?SwapRestoreState@D3D@@YGXPAUSwapSavedState@1@@Z 00436850 f   d3d8:present.obj
 0002:000009d0       ?SwapSaveSurfaces@D3D@@YGXPAVCDevice@1@@Z 004369d0 f   d3d8:present.obj
 0002:00000a60       ?SwapRestoreSurfaces@D3D@@YGXPAVCDevice@1@@Z 00436a60 f   d3d8:present.obj
 0002:00000ad0       ?SwapCopyBlt@D3D@@YGXPAVCDevice@1@@Z 00436ad0 f   d3d8:present.obj
 0002:00000c50       ?SwapCopy@D3D@@YGXPAVCDevice@1@K@Z 00436c50 f   d3d8:present.obj
 0002:00000e40       ?SwapFlip@D3D@@YGXPAVCDevice@1@@Z 00436e40 f   d3d8:present.obj
 0002:00000f50       ?SwapFinish@D3D@@YGXPAVCDevice@1@@Z 00436f50 f   d3d8:present.obj
 0002:00003650       ?FindFence@D3D@@YGPAUFence@1@K@Z 00439650 f   d3d8:pusher.obj
 0002:00006f70       ?GetColorMaterial@D3D@@YGKXZ 0043cf70 f   d3d8:lazy.obj
 0002:00007c90       ?SetLightColors@D3D@@YGPCKPCKPBULight@1@KK@Z 0043dc90 f   d3d8:lazy.obj
 0002:00007d80       ?SetSceneAmbientAndMaterialEmission@D3D@@YGPCKPCKK@Z 0043dd80 f   d3d8:lazy.obj
 0002:00007f40       ?SetSpecularParameters@D3D@@YGPCKPCK@Z 0043df40 f   d3d8:lazy.obj
 0002:0000be00       ?CombinerInput@D3D@@YGKKKK@Z 00441e00 f   d3d8:combiner.obj
